******************************************************************************
            TI ARM Clang Linker Unix v4.0.3                    
******************************************************************************
>> Linked Tue Apr 21 18:15:32 2026

OUTPUT FILE NAME:   <ECE319K_Lab9H.out>
ENTRY POINT SYMBOL: "_c_int00_noargs"  address: 0000605d


MEMORY CONFIGURATION

         name            origin    length      used     unused   attr    fill
----------------------  --------  ---------  --------  --------  ----  --------
  FLASH                 00000000   00020000  00006360  00019ca0  R  X
  SRAM                  20200000   00008000  0000083c  000077c4  RW X
  BCR_CONFIG            41c00000   00000080  00000000  00000080  R   
  BSL_CONFIG            41c00100   00000080  00000000  00000080  R   


SEGMENT ALLOCATION MAP

run origin  load origin   length   init length attrs members
----------  ----------- ---------- ----------- ----- -------
00000000    00000000    00006360   00006360    r-x
  00000000    00000000    000000c0   000000c0    r-- .intvecs
  000000c0    000000c0    00003ea8   00003ea8    r-- .rodata
  00003f68    00003f68    00000008   00000008    r-- .init_array
  00003f70    00003f70    00002350   00002350    r-x .text
  000062c0    000062c0    000000a0   000000a0    r-- .cinit
20200000    20200000    0000063f   00000000    rw-
  20200000    20200000    00000265   00000000    rw- .data
  20200268    20200268    00000200   00000000    rw- .sysmem
  20200468    20200468    000001d7   00000000    rw- .bss
20207e00    20207e00    00000200   00000000    rw-
  20207e00    20207e00    00000200   00000000    rw- .stack


SECTION ALLOCATION MAP

 output                                  attributes/
section   page    origin      length       input sections
--------  ----  ----------  ----------   ----------------
.intvecs   0    00000000    000000c0     
                  00000000    000000c0     startup_mspm0g3507_ticlang.o (.intvecs)

.binit     0    00000000    00000000     

.text      0    00003f70    00002350     
                  00003f70    00000210     ST7735.o (.text._Z17ST7735_DrawBitmapssPKtss)
                  00004180    000001b4     Clock.o (.text._Z15Clock_Init80MHzi)
                  00004334    000001a0     ST7735.o (.text._Z16ST7735_DrawCharSsscssh)
                  000044d4    00000154     libc.a : fopen.c.obj (.text._openfile)
                  00004628    00000118     ST7735.o (.text._Z15ST7735_FillRectsssst)
                  00004740    00000114     libc.a : memory.c.obj (.text.aligned_alloc)
                  00004854    000000f8     SPI.o (.text._Z8SPI_Initv)
                  0000494c    000000ec     libsysbm.a : add_device.c.obj (.text.add_device)
                  00004a38    000000e8     libc.a : memory.c.obj (.text.free)
                  00004b20    000000e0            : setvbuf.c.obj (.text.setvbuf)
                  00004c00    000000d0     ST7735.o (.text._Z14ST7735_OutCharc)
                  00004cd0    000000ae     Character.o (.text._ZN9Character8checkHitEss)
                  00004d7e    000000a2     ST7735.o (.text._ZL11commandListPKh)
                  00004e20    000000a0     ST7735.o (.text._Z17ST7735_InitPrintf10initRFlags)
                  00004ec0    000000a0     libsysbm.a : open.c.obj (.text.open)
                  00004f60    00000098     ST7735.o (.text._Z12ST7735_InitR10initRFlags)
                  00004ff8    00000088     ST7735.o (.text._ZL13setAddrWindowhhhh)
                  00005080    00000088     libc.a : strcmp-armv6m.S.obj (.text:strcmp)
                  00005108    00000084     Lab9HMain.o (.text._Z12updateHealthv)
                  0000518c    00000084     ST7735.o (.text._Z17ST7735_DrawStringttPcs)
                  00005210    00000084     Lab9HMain.o (.text.main)
                  00005294    0000007c     LaunchPad.o (.text._Z14LaunchPad_Initv)
                  00005310    0000007c     SlidePot.o (.text._ZN8SlidePot4InitEv)
                  0000538c    0000007c     libc.a : fclose.c.obj (.text.__TI_closefile)
                  00005408    0000007c            : copy_decompress_lzss.c.obj (.text:decompress:lzss)
                  00005484    00000070     ST7735.o (.text._Z16ST7735_DrawPixelsst)
                  000054f4    0000006c     libsysbm.a : hostlseek.c.obj (.text.HOSTlseek)
                  00005560    0000006c                : hostrename.c.obj (.text.HOSTrename)
                  000055cc    0000006c     libc.a : getdevice.c.obj (.text.getdevice)
                  00005638    00000064            : memory.c.obj (.text.split)
                  0000569c    00000060     libsysbm.a : hostopen.c.obj (.text.HOSTopen)
                  000056fc    0000005a     Character.o (.text._ZN9Character7takeDmgE14CharacterState)
                  00005756    0000005a     Character.o (.text._ZN9CharacterC2EssRK9SpriteSet)
                  000057b0    00000058     libsysbm.a : hostread.c.obj (.text.HOSTread)
                  00005808    00000058                : hostwrite.c.obj (.text.HOSTwrite)
                  00005860    00000056     Lab9HMain.o (.text._Z10initScreenv)
                  000058b6    00000002     Sound.o (.text.SysTick_Handler)
                  000058b8    00000054     libc.a : autoinit.c.obj (.text:__TI_auto_init_nobinit)
                  0000590c    00000052            : fflush.c.obj (.text.__TI_doflush)
                  0000595e    00000002     libclang_rt.builtins.a : aeabi_div0.c.obj (.text.__aeabi_idiv0)
                  00005960    00000050     Character.o (.text._ZN9Character4drawEv)
                  000059b0    00000050     libsysbm.a : close.c.obj (.text.close)
                  00005a00    00000048                : hostclose.c.obj (.text.HOSTclose)
                  00005a48    00000048                : hostunlink.c.obj (.text.HOSTunlink)
                  00005a90    00000048     SPI.o (.text._Z14SPI_OutCommandc)
                  00005ad8    00000042     Character.o (.text._ZN9Character10blitSpriteEssPK12SPRITE_ARRAYbt)
                  00005b1a    00000002     libc.a : _lock.c.obj (.text._nop)
                  00005b1c    00000040     TExaS.o (.text.TIMG7_IRQHandler)
                  00005b5c    00000040     SPI.o (.text._Z9SPI_Resetv)
                  00005b9c    00000040     Character.o (.text._ZN9Character5moveXEs)
                  00005bdc    00000040     libclang_rt.builtins.a : aeabi_uidivmod.S.obj (.text.__aeabi_uidivmod)
                  00005c1c    00000040     libc.a : fopen.c.obj (.text._search_fp)
                  00005c5c    00000038     SPI.o (.text._Z11SPI_OutDatac)
                  00005c94    00000038     LaunchPad.o (.text._Z15ActivatePortA_Bv)
                  00005ccc    00000034     ST7735.o (.text._Z12ST7735_writeiPKcj)
                  00005d00    00000034     Clock.o (.text._Z14Clock_Delay1msj)
                  00005d34    00000034     ST7735.o (.text._Z16ST7735_SetCursorjj)
                  00005d68    00000034     libc.a : fopen.c.obj (.text.__TI_cleanup)
                  00005d9c    00000034     libsysbm.a : trgmsg.c.obj (.text.__TI_readmsg)
                  00005dd0    00000034                : trgmsg.c.obj (.text.__TI_writemsg)
                  00005e04    00000034     libc.a : exit.c.obj (.text.exit)
                  00005e38    00000034            : getdevice.c.obj (.text.finddevice)
                  00005e6c    00000034            : fopen.c.obj (.text.freopen)
                  00005ea0    00000032     ST7735.o (.text._Z15ST7735_Color565hhh)
                  00005ed2    00000002     --HOLE-- [fill = 0]
                  00005ed4    00000030     Lab9HMain.o (.text.TIMG12_IRQHandler)
                  00005f04    00000030     ST7735.o (.text._ZL10commonInitPKh)
                  00005f34    00000030     libc.a : fopen.c.obj (.text.fopen)
                  00005f64    0000002c     ST7735.o (.text._Z17ST7735_FillScreent)
                  00005f90    0000002c     libsysbm.a : unlink.c.obj (.text.unlink)
                  00005fbc    00000028     Lab9HMain.o (.text.__cxx_global_var_init.1)
                  00005fe4    00000028     Lab9HMain.o (.text.__cxx_global_var_init.3)
                  0000600c    00000028     libc.a : memory.c.obj (.text.free_list_insert)
                  00006034    00000028     libsysbm.a : write.c.obj (.text.write)
                  0000605c    00000028     libc.a : boot_cortex_m.c.obj (.text:_c_int00_noargs)
                  00006084    00000024     SlidePot.o (.text._ZN8SlidePotC2Ejj)
                  000060a8    0000001e     ST7735.o (.text._ZL9pushColort)
                  000060c6    00000002     --HOLE-- [fill = 0]
                  000060c8    0000001c     startup_mspm0g3507_ticlang.o (.text.Default_Handler)
                  000060e4    0000001c     startup_mspm0g3507_ticlang.o (.text.HardFault_Handler)
                  00006100    0000001c     libc.a : memory.c.obj (.text.free_list_remove)
                  0000611c    00000018     Lab9HMain.o (.text.__cxx_global_var_init.2)
                  00006134    00000018     Lab9HMain.o (.text.__cxx_global_var_init)
                  0000614c    00000016     ST7735.o (.text._Z11ST7735_openPKcji)
                  00006162    00000016     ST7735.o (.text._Z11ST7735_readiPcj)
                  00006178    00000016     libc.a : copy_zero_init.c.obj (.text:decompress:ZI:__TI_zero_init_nomemset)
                  0000618e    00000014     Lab9HMain.o (.text._GLOBAL__sub_I_Lab9HMain.cpp)
                  000061a2    00000012     libc.a : memcpy16.S.obj (.text:TI_memcpy_small)
                  000061b4    00000012            : copy_decompress_none.c.obj (.text:decompress:none)
                  000061c6    00000010     Clock.o (.text._Z11Clock_Delayj)
                  000061d6    0000000e     libc.a : memory.c.obj (.text.OUTLINED_FUNCTION_0)
                  000061e4    0000000e     ST7735.o (.text._Z12ST7735_lseekili)
                  000061f2    0000000e     Lab9HMain.o (.text._ZNK9Character4getXEv)
                  00006200    0000000e     Lab9HMain.o (.text._ZNK9Character4getYEv)
                  0000620e    0000000e     Lab9HMain.o (.text._ZNK9Character9getHealthEv)
                  0000621c    0000000e     libsysbm.a : hostrename.c.obj (.text.strcpy)
                  0000622a    0000000e                : hostrename.c.obj (.text.strlen)
                  00006238    0000000e     libc.a : memset16.S.obj (.text:TI_memset_small)
                  00006246    00000002     --HOLE-- [fill = 0]
                  00006248    0000000c     Clock.o (.text._Z10Clock_Freqv)
                  00006254    0000000c     ST7735.o (.text._Z13ST7735_renamePKcS0_)
                  00006260    0000000c     libclang_rt.builtins.a : aeabi_memset.S.obj (.text.__aeabi_memclr)
                  0000626c    0000000c     libc.a : memory.c.obj (.text.malloc)
                  00006278    0000000a     ST7735.o (.text._Z12ST7735_closei)
                  00006282    0000000a     ST7735.o (.text._Z13ST7735_unlinkPKc)
                  0000628c    0000000a     Lab9HMain.o (.text._Z8PLL_Initv)
                  00006296    00000002     --HOLE-- [fill = 0]
                  00006298    00000008     libclang_rt.builtins.a : aeabi_memcpy.S.obj (.text.__aeabi_memcpy)
                  000062a0    00000008     libsysbm.a : remove.c.obj (.text.remove)
                  000062a8    00000006     libc.a : exit.c.obj (.text:abort)
                  000062ae    00000004     libsysbm.a : hostexit.c.obj (.text.HOSTexit)
                  000062b2    00000004     startup_mspm0g3507_ticlang.o (.text.Reset_Handler)
                  000062b6    00000004     libc.a : pre_init.c.obj (.text._system_pre_init)
                  000062ba    00000006     --HOLE-- [fill = 0]

.cinit     0    000062c0    000000a0     
                  000062c0    00000075     (.cinit..data.load) [load image, compression = lzss]
                  00006335    00000003     --HOLE-- [fill = 0]
                  00006338    0000000c     (__TI_handler_table)
                  00006344    00000008     (.cinit..bss.load) [load image, compression = zero_init]
                  0000634c    00000010     (__TI_cinit_table)
                  0000635c    00000004     --HOLE-- [fill = 0]

.rodata    0    000000c0    00003ea8     
                  000000c0    00000bc0     sprite_data.o (.rodata._ZL15CHAR1_KICK_DATA)
                  00000c80    00000940     sprite_data.o (.rodata._ZL15CHAR1_IDLE_DATA)
                  000015c0    0000083c     sprite_data.o (.rodata._ZL16CHAR1_DODGE_DATA)
                  00001dfc    00000818     sprite_data.o (.rodata._ZL16CHAR1_PUNCH_DATA)
                  00002614    000005b0     sprite_data.o (.rodata._ZL16CHAR2_DODGE_DATA)
                  00002bc4    00000528     sprite_data.o (.rodata._ZL16CHAR2_PUNCH_DATA)
                  000030ec    000004fb     ST7735.o (.rodata._ZL4Font)
                  000035e7    00000001     --HOLE-- [fill = 0]
                  000035e8    00000438     sprite_data.o (.rodata._ZL15CHAR2_IDLE_DATA)
                  00003a20    00000438     sprite_data.o (.rodata._ZL15CHAR2_KICK_DATA)
                  00003e58    0000003b     ST7735.o (.rodata._ZL5Rcmd1)
                  00003e93    0000002b     ST7735.o (.rodata._ZL5Rcmd3)
                  00003ebe    00000016     ST7735.o (.rodata.str1.14736978382213673245.1)
                  00003ed4    00000010     sprite_data.o (.rodata.CHAR1_SPRITES)
                  00003ee4    00000010     sprite_data.o (.rodata.CHAR2_SPRITES)
                  00003ef4    0000000d     ST7735.o (.rodata._ZL10Rcmd2green)
                  00003f01    0000000d     ST7735.o (.rodata._ZL8Rcmd2red)
                  00003f0e    00000002     ST7735.o (.rodata.str1.18358205720993799461.1)
                  00003f10    00000008     sprite_data.o (.rodata._ZL10CHAR1_IDLE)
                  00003f18    00000008     sprite_data.o (.rodata._ZL10CHAR1_KICK)
                  00003f20    00000008     sprite_data.o (.rodata._ZL10CHAR2_IDLE)
                  00003f28    00000008     sprite_data.o (.rodata._ZL10CHAR2_KICK)
                  00003f30    00000008     sprite_data.o (.rodata._ZL11CHAR1_DODGE)
                  00003f38    00000008     sprite_data.o (.rodata._ZL11CHAR1_PUNCH)
                  00003f40    00000008     sprite_data.o (.rodata._ZL11CHAR2_DODGE)
                  00003f48    00000008     sprite_data.o (.rodata._ZL11CHAR2_PUNCH)
                  00003f50    00000008     ST7735.o (.rodata.str1.7209918599617305731.1)
                  00003f58    00000007     ST7735.o (.rodata.str1.10208736415454880443.1)
                  00003f5f    00000007     ST7735.o (.rodata.str1.8723687351022562626.1)
                  00003f66    00000002     --HOLE-- [fill = 0]

.init_array 
*          0    00003f68    00000008     
                  00003f68    00000004     Lab9HMain.o (.init_array)
                  00003f6c    00000004     --HOLE-- [fill = 0]

.data      0    20200000    00000265     UNINITIALIZED
                  20200000    000000f0     libc.a : defs.c.obj (.data._ftable)
                  202000f0    00000078     libsysbm.a : host_device.c.obj (.data._device)
                  20200168    00000050                : host_device.c.obj (.data._stream)
                  202001b8    00000030     Lab9HMain.o (.data.Player1)
                  202001e8    00000030     Lab9HMain.o (.data.Player2)
                  20200218    00000014     Lab9HMain.o (.data.Sensor)
                  2020022c    00000008     libc.a : exit.c.obj (.data..L_MergedGlobals)
                  20200234    00000004     Clock.o (.data.BusFreq)
                  20200238    00000004     ST7735.o (.data.StX)
                  2020023c    00000004     ST7735.o (.data.StY)
                  20200240    00000004     libc.a : defs.c.obj (.data.__TI_ft_end)
                  20200244    00000004            : _lock.c.obj (.data._lock)
                  20200248    00000004            : _lock.c.obj (.data._unlock)
                  2020024c    00000002     ST7735.o (.data.StTextColor)
                  2020024e    00000002     ST7735.o (.data._ZL6_width)
                  20200250    00000002     ST7735.o (.data._ZL7_height)
                  20200252    00000002     Lab9HMain.o (.data.startX)
                  20200254    00000002     Lab9HMain.o (.data.startY)
                  20200256    00000002     Lab9HMain.o (.data.x)
                  20200258    00000002     Lab9HMain.o (.data.y)
                  2020025a    00000001     Lab9HMain.o (.data.drawScreen)
                  2020025b    00000001     --HOLE--
                  2020025c    00000001     libsysbm.a : add_device.c.obj (.data.add_device.device_init)
                  2020025d    00000003     --HOLE--
                  20200260    00000001     libc.a : memory.c.obj (.data.memory_is_initialized)
                  20200261    00000003     --HOLE--
                  20200264    00000001     libsysbm.a : open.c.obj (.data.open.stream_init)

.sysmem    0    20200268    00000200     UNINITIALIZED
                  20200268    00000010     libc.a : memory.c.obj (.sysmem)
                  20200278    000001f0     --HOLE--

.bss       0    20200468    000001d7     UNINITIALIZED
                  20200468    00000120     libsysbm.a : trgmsg.c.obj (.bss:_CIOBUF_)
                  20200588    000000a0     libc.a : defs.c.obj (.bss.__TI_tmpnams)
                  20200628    00000008     libsysbm.a : hostopen.c.obj (.bss.parmbuf)
                  20200630    00000004     TExaS.o (.bss.TExaSLogic)
                  20200634    00000004     TExaS.o (.bss.TExaSadc)
                  20200638    00000004     libc.a : memory.c.obj (.bss.sys_free)
                  2020063c    00000001     ST7735.o (.bss._ZL8ColStart)
                  2020063d    00000001     ST7735.o (.bss._ZL8RowStart)
                  2020063e    00000001     ST7735.o (.bss._ZL8TabColor)

.stack     0    20207e00    00000200     UNINITIALIZED
                  20207e00    00000004     libc.a : boot_cortex_m.c.obj (.stack)
                  20207e04    000001fc     --HOLE--

__llvm_prf_cnts 
*          0    20200000    00000000     UNINITIALIZED

__llvm_prf_bits 
*          0    20200000    00000000     UNINITIALIZED

MODULE SUMMARY

       Module                         code   ro data   rw data
       ------                         ----   -------   -------
    ./
       sprite_data.o                  0      14588     0      
       ST7735.o                       2652   1449      17     
       Lab9HMain.o                    598    4         125    
       Character.o                    564    0         0      
       Clock.o                        516    0         4      
       SPI.o                          440    0         0      
       LaunchPad.o                    180    0         0      
       SlidePot.o                     160    0         0      
       TExaS.o                        64     0         8      
       Sound.o                        2      0         0      
    +--+------------------------------+------+---------+---------+
       Total:                         5176   16041     154    
                                                              
    ./ticlang/
       startup_mspm0g3507_ticlang.o   60     192       0      
    +--+------------------------------+------+---------+---------+
       Total:                         60     192       0      
                                                              
    /Applications/ti/ccs2020/ccs/tools/compiler/ti-cgt-armllvm_4.0.3.LTS/lib/armv6m-ti-none-eabi/c/libc.a
       memory.c.obj                   702    0         5      
       fopen.c.obj                    556    0         0      
       defs.c.obj                     0      0         404    
       setvbuf.c.obj                  224    0         0      
       getdevice.c.obj                160    0         0      
       strcmp-armv6m.S.obj            136    0         0      
       copy_decompress_lzss.c.obj     124    0         0      
       fclose.c.obj                   124    0         0      
       autoinit.c.obj                 84     0         0      
       fflush.c.obj                   82     0         0      
       exit.c.obj                     58     0         8      
       boot_cortex_m.c.obj            40     0         0      
       copy_zero_init.c.obj           22     0         0      
       copy_decompress_none.c.obj     18     0         0      
       memcpy16.S.obj                 18     0         0      
       memset16.S.obj                 14     0         0      
       _lock.c.obj                    2      0         8      
       pre_init.c.obj                 4      0         0      
    +--+------------------------------+------+---------+---------+
       Total:                         2368   0         425    
                                                              
    /Applications/ti/ccs2020/ccs/tools/compiler/ti-cgt-armllvm_4.0.3.LTS/lib/armv6m-ti-none-eabi/c/libsysbm.a
       trgmsg.c.obj                   104    0         288    
       add_device.c.obj               236    0         1      
       host_device.c.obj              0      0         200    
       open.c.obj                     160    0         1      
       hostrename.c.obj               136    0         0      
       hostlseek.c.obj                108    0         0      
       hostopen.c.obj                 96     0         8      
       hostread.c.obj                 88     0         0      
       hostwrite.c.obj                88     0         0      
       close.c.obj                    80     0         0      
       hostclose.c.obj                72     0         0      
       hostunlink.c.obj               72     0         0      
       unlink.c.obj                   44     0         0      
       write.c.obj                    40     0         0      
       remove.c.obj                   8      0         0      
       hostexit.c.obj                 4      0         0      
    +--+------------------------------+------+---------+---------+
       Total:                         1336   0         498    
                                                              
    /Applications/ti/ccs2020/ccs/tools/compiler/ti-cgt-armllvm_4.0.3.LTS/lib/armv6m-ti-none-eabi/libclang_rt.builtins.a
       aeabi_uidivmod.S.obj           64     0         0      
       aeabi_memset.S.obj             12     0         0      
       aeabi_memcpy.S.obj             8      0         0      
       aeabi_div0.c.obj               2      0         0      
    +--+------------------------------+------+---------+---------+
       Total:                         86     0         0      
                                                              
       Heap:                          0      0         512    
       Stack:                         0      0         512    
       Linker Generated:              0      153       0      
    +--+------------------------------+------+---------+---------+
       Grand Total:                   9026   16386     2101   


LINKER GENERATED COPY TABLES

__TI_cinit_table @ 0000634c records: 2, size/record: 8, table size: 16
	.data: load addr=000062c0, load size=00000075 bytes, run addr=20200000, run size=00000265 bytes, compression=lzss
	.bss: load addr=00006344, load size=00000008 bytes, run addr=20200468, run size=000001d7 bytes, compression=zero_init


LINKER GENERATED HANDLER TABLE

__TI_handler_table @ 00006338 records: 3, size/record: 4, table size: 12
	index: 0, handler: __TI_decompress_lzss
	index: 1, handler: __TI_decompress_none
	index: 2, handler: __TI_zero_init


GLOBAL SYMBOLS: SORTED ALPHABETICALLY BY Name 

address   name                                          
-------   ----                                          
000060c9  ADC0_IRQHandler                               
000060c9  ADC1_IRQHandler                               
000060c9  AES_IRQHandler                                
20200234  BusFreq                                       
000062ae  C$$EXIT                                       
00005dfd  C$$IO$$                                       
000060c9  CANFD0_IRQHandler                             
00003ed4  CHAR1_SPRITES                                 
00003ee4  CHAR2_SPRITES                                 
000060c9  DAC0_IRQHandler                               
000060c9  DMA_IRQHandler                                
000060c9  Default_Handler                               
000060c9  GROUP0_IRQHandler                             
000060c9  GROUP1_IRQHandler                             
00005a01  HOSTclose                                     
000062af  HOSTexit                                      
000054f5  HOSTlseek                                     
0000569d  HOSTopen                                      
000057b1  HOSTread                                      
00005561  HOSTrename                                    
00005a49  HOSTunlink                                    
00005809  HOSTwrite                                     
000060e5  HardFault_Handler                             
000060c9  I2C0_IRQHandler                               
000060c9  I2C1_IRQHandler                               
000060c9  NMI_Handler                                   
000060c9  PendSV_Handler                                
202001b8  Player1                                       
202001e8  Player2                                       
000060c9  RTC_IRQHandler                                
000062b3  Reset_Handler                                 
00003f68  SHT$$INIT_ARRAY$$Base                         
00003f6c  SHT$$INIT_ARRAY$$Limit                        
000060c9  SPI0_IRQHandler                               
000060c9  SPI1_IRQHandler                               
000060c9  SVC_Handler                                   
20200218  Sensor                                        
2020024c  StTextColor                                   
20200238  StX                                           
2020023c  StY                                           
000058b7  SysTick_Handler                               
20200630  TExaSLogic                                    
20200634  TExaSadc                                      
000060c9  TIMA0_IRQHandler                              
000060c9  TIMA1_IRQHandler                              
000060c9  TIMG0_IRQHandler                              
00005ed5  TIMG12_IRQHandler                             
000060c9  TIMG6_IRQHandler                              
00005b1d  TIMG7_IRQHandler                              
000060c9  TIMG8_IRQHandler                              
000061a3  TI_memcpy_small                               
00006239  TI_memset_small                               
000060c9  UART0_IRQHandler                              
000060c9  UART1_IRQHandler                              
000060c9  UART2_IRQHandler                              
000060c9  UART3_IRQHandler                              
20200468  _CIOBUF_                                      
00006249  _Z10Clock_Freqv                               
00005861  _Z10initScreenv                               
000061c7  _Z11Clock_Delayj                              
00005c5d  _Z11SPI_OutDatac                              
0000614d  _Z11ST7735_openPKcji                          
00006163  _Z11ST7735_readiPcj                           
00004f61  _Z12ST7735_InitR10initRFlags                  
00006279  _Z12ST7735_closei                             
000061e5  _Z12ST7735_lseekili                           
00005ccd  _Z12ST7735_writeiPKcj                         
00005109  _Z12updateHealthv                             
00006255  _Z13ST7735_renamePKcS0_                       
00006283  _Z13ST7735_unlinkPKc                          
00005d01  _Z14Clock_Delay1msj                           
00005295  _Z14LaunchPad_Initv                           
00005a91  _Z14SPI_OutCommandc                           
00004c01  _Z14ST7735_OutCharc                           
00005c95  _Z15ActivatePortA_Bv                          
00004181  _Z15Clock_Init80MHzi                          
00005ea1  _Z15ST7735_Color565hhh                        
00004629  _Z15ST7735_FillRectsssst                      
00004335  _Z16ST7735_DrawCharSsscssh                    
00005485  _Z16ST7735_DrawPixelsst                       
00005d35  _Z16ST7735_SetCursorjj                        
00003f71  _Z17ST7735_DrawBitmapssPKtss                  
0000518d  _Z17ST7735_DrawStringttPcs                    
00005f65  _Z17ST7735_FillScreent                        
00004e21  _Z17ST7735_InitPrintf10initRFlags             
0000628d  _Z8PLL_Initv                                  
00004855  _Z8SPI_Initv                                  
00005b5d  _Z9SPI_Resetv                                 
00005311  _ZN8SlidePot4InitEv                           
00006085  _ZN8SlidePotC1Ejj                             
00006085  _ZN8SlidePotC2Ejj                             
00005ad9  _ZN9Character10blitSpriteEssPK12SPRITE_ARRAYbt
00005961  _ZN9Character4drawEv                          
00005b9d  _ZN9Character5moveXEs                         
000056fd  _ZN9Character7takeDmgE14CharacterState        
00004cd1  _ZN9Character8checkHitEss                     
00005757  _ZN9CharacterC1EssRK9SpriteSet                
00005757  _ZN9CharacterC2EssRK9SpriteSet                
000061f3  _ZNK9Character4getXEv                         
00006201  _ZNK9Character4getYEv                         
0000620f  _ZNK9Character9getHealthEv                    
20200468  __CIOBUF_                                     
20208000  __STACK_END                                   
00000200  __STACK_SIZE                                  
00000200  __SYSMEM_SIZE                                 
00000000  __TI_ATRegion0_region_sz                      
00000000  __TI_ATRegion0_src_addr                       
00000000  __TI_ATRegion0_trg_addr                       
00000000  __TI_ATRegion1_region_sz                      
00000000  __TI_ATRegion1_src_addr                       
00000000  __TI_ATRegion1_trg_addr                       
00000000  __TI_ATRegion2_region_sz                      
00000000  __TI_ATRegion2_src_addr                       
00000000  __TI_ATRegion2_trg_addr                       
0000634c  __TI_CINIT_Base                               
0000635c  __TI_CINIT_Limit                              
0000635c  __TI_CINIT_Warm                               
00006338  __TI_Handler_Table_Base                       
00006344  __TI_Handler_Table_Limit                      
000058b9  __TI_auto_init_nobinit                        
00005d69  __TI_cleanup                                  
2020022c  __TI_cleanup_ptr                              
0000538d  __TI_closefile                                
00005409  __TI_decompress_lzss                          
000061b5  __TI_decompress_none                          
0000590d  __TI_doflush                                  
20200230  __TI_dtors_ptr                                
20200240  __TI_ft_end                                   
ffffffff  __TI_pprof_out_hndl                           
ffffffff  __TI_prof_data_size                           
ffffffff  __TI_prof_data_start                          
00005d9d  __TI_readmsg                                  
00000000  __TI_static_base__                            
20200588  __TI_tmpnams                                  
00005dd1  __TI_writemsg                                 
00006179  __TI_zero_init_nomemset                       
0000595f  __aeabi_idiv0                                 
00006261  __aeabi_memclr                                
00006261  __aeabi_memclr4                               
00006261  __aeabi_memclr8                               
00006299  __aeabi_memcpy                                
00006299  __aeabi_memcpy4                               
00006299  __aeabi_memcpy8                               
00005bdd  __aeabi_uidiv                                 
00005bdd  __aeabi_uidivmod                              
ffffffff  __binit__                                     
UNDEFED   __mpu_init                                    
20207e00  __stack                                       
20200000  __start___llvm_prf_bits                       
20200000  __start___llvm_prf_cnts                       
20200000  __stop___llvm_prf_bits                        
20200000  __stop___llvm_prf_cnts                        
0000605d  _c_int00_noargs                               
202000f0  _device                                       
20200000  _ftable                                       
20200244  _lock                                         
00005b1b  _nop                                          
20200168  _stream                                       
20200268  _sys_memory                                   
UNDEFED   _system_post_cinit                            
000062b7  _system_pre_init                              
20200248  _unlock                                       
000062a9  abort                                         
0000494d  add_device                                    
00004741  aligned_alloc                                 
ffffffff  binit                                         
000059b1  close                                         
2020025a  drawScreen                                    
00005e05  exit                                          
00005e39  finddevice                                    
00005f35  fopen                                         
00004a39  free                                          
00005e6d  freopen                                       
000055cd  getdevice                                     
00000000  interruptVectors                              
00005211  main                                          
0000626d  malloc                                        
00004741  memalign                                      
00004ec1  open                                          
20200628  parmbuf                                       
000062a1  remove                                        
00004b21  setvbuf                                       
20200252  startX                                        
20200254  startY                                        
00005081  strcmp                                        
00005f91  unlink                                        
00006035  write                                         
20200256  x                                             
20200258  y                                             


GLOBAL SYMBOLS: SORTED BY Symbol Address 

address   name                                          
-------   ----                                          
00000000  __TI_ATRegion0_region_sz                      
00000000  __TI_ATRegion0_src_addr                       
00000000  __TI_ATRegion0_trg_addr                       
00000000  __TI_ATRegion1_region_sz                      
00000000  __TI_ATRegion1_src_addr                       
00000000  __TI_ATRegion1_trg_addr                       
00000000  __TI_ATRegion2_region_sz                      
00000000  __TI_ATRegion2_src_addr                       
00000000  __TI_ATRegion2_trg_addr                       
00000000  __TI_static_base__                            
00000000  interruptVectors                              
00000200  __STACK_SIZE                                  
00000200  __SYSMEM_SIZE                                 
00003ed4  CHAR1_SPRITES                                 
00003ee4  CHAR2_SPRITES                                 
00003f68  SHT$$INIT_ARRAY$$Base                         
00003f6c  SHT$$INIT_ARRAY$$Limit                        
00003f71  _Z17ST7735_DrawBitmapssPKtss                  
00004181  _Z15Clock_Init80MHzi                          
00004335  _Z16ST7735_DrawCharSsscssh                    
00004629  _Z15ST7735_FillRectsssst                      
00004741  aligned_alloc                                 
00004741  memalign                                      
00004855  _Z8SPI_Initv                                  
0000494d  add_device                                    
00004a39  free                                          
00004b21  setvbuf                                       
00004c01  _Z14ST7735_OutCharc                           
00004cd1  _ZN9Character8checkHitEss                     
00004e21  _Z17ST7735_InitPrintf10initRFlags             
00004ec1  open                                          
00004f61  _Z12ST7735_InitR10initRFlags                  
00005081  strcmp                                        
00005109  _Z12updateHealthv                             
0000518d  _Z17ST7735_DrawStringttPcs                    
00005211  main                                          
00005295  _Z14LaunchPad_Initv                           
00005311  _ZN8SlidePot4InitEv                           
0000538d  __TI_closefile                                
00005409  __TI_decompress_lzss                          
00005485  _Z16ST7735_DrawPixelsst                       
000054f5  HOSTlseek                                     
00005561  HOSTrename                                    
000055cd  getdevice                                     
0000569d  HOSTopen                                      
000056fd  _ZN9Character7takeDmgE14CharacterState        
00005757  _ZN9CharacterC1EssRK9SpriteSet                
00005757  _ZN9CharacterC2EssRK9SpriteSet                
000057b1  HOSTread                                      
00005809  HOSTwrite                                     
00005861  _Z10initScreenv                               
000058b7  SysTick_Handler                               
000058b9  __TI_auto_init_nobinit                        
0000590d  __TI_doflush                                  
0000595f  __aeabi_idiv0                                 
00005961  _ZN9Character4drawEv                          
000059b1  close                                         
00005a01  HOSTclose                                     
00005a49  HOSTunlink                                    
00005a91  _Z14SPI_OutCommandc                           
00005ad9  _ZN9Character10blitSpriteEssPK12SPRITE_ARRAYbt
00005b1b  _nop                                          
00005b1d  TIMG7_IRQHandler                              
00005b5d  _Z9SPI_Resetv                                 
00005b9d  _ZN9Character5moveXEs                         
00005bdd  __aeabi_uidiv                                 
00005bdd  __aeabi_uidivmod                              
00005c5d  _Z11SPI_OutDatac                              
00005c95  _Z15ActivatePortA_Bv                          
00005ccd  _Z12ST7735_writeiPKcj                         
00005d01  _Z14Clock_Delay1msj                           
00005d35  _Z16ST7735_SetCursorjj                        
00005d69  __TI_cleanup                                  
00005d9d  __TI_readmsg                                  
00005dd1  __TI_writemsg                                 
00005dfd  C$$IO$$                                       
00005e05  exit                                          
00005e39  finddevice                                    
00005e6d  freopen                                       
00005ea1  _Z15ST7735_Color565hhh                        
00005ed5  TIMG12_IRQHandler                             
00005f35  fopen                                         
00005f65  _Z17ST7735_FillScreent                        
00005f91  unlink                                        
00006035  write                                         
0000605d  _c_int00_noargs                               
00006085  _ZN8SlidePotC1Ejj                             
00006085  _ZN8SlidePotC2Ejj                             
000060c9  ADC0_IRQHandler                               
000060c9  ADC1_IRQHandler                               
000060c9  AES_IRQHandler                                
000060c9  CANFD0_IRQHandler                             
000060c9  DAC0_IRQHandler                               
000060c9  DMA_IRQHandler                                
000060c9  Default_Handler                               
000060c9  GROUP0_IRQHandler                             
000060c9  GROUP1_IRQHandler                             
000060c9  I2C0_IRQHandler                               
000060c9  I2C1_IRQHandler                               
000060c9  NMI_Handler                                   
000060c9  PendSV_Handler                                
000060c9  RTC_IRQHandler                                
000060c9  SPI0_IRQHandler                               
000060c9  SPI1_IRQHandler                               
000060c9  SVC_Handler                                   
000060c9  TIMA0_IRQHandler                              
000060c9  TIMA1_IRQHandler                              
000060c9  TIMG0_IRQHandler                              
000060c9  TIMG6_IRQHandler                              
000060c9  TIMG8_IRQHandler                              
000060c9  UART0_IRQHandler                              
000060c9  UART1_IRQHandler                              
000060c9  UART2_IRQHandler                              
000060c9  UART3_IRQHandler                              
000060e5  HardFault_Handler                             
0000614d  _Z11ST7735_openPKcji                          
00006163  _Z11ST7735_readiPcj                           
00006179  __TI_zero_init_nomemset                       
000061a3  TI_memcpy_small                               
000061b5  __TI_decompress_none                          
000061c7  _Z11Clock_Delayj                              
000061e5  _Z12ST7735_lseekili                           
000061f3  _ZNK9Character4getXEv                         
00006201  _ZNK9Character4getYEv                         
0000620f  _ZNK9Character9getHealthEv                    
00006239  TI_memset_small                               
00006249  _Z10Clock_Freqv                               
00006255  _Z13ST7735_renamePKcS0_                       
00006261  __aeabi_memclr                                
00006261  __aeabi_memclr4                               
00006261  __aeabi_memclr8                               
0000626d  malloc                                        
00006279  _Z12ST7735_closei                             
00006283  _Z13ST7735_unlinkPKc                          
0000628d  _Z8PLL_Initv                                  
00006299  __aeabi_memcpy                                
00006299  __aeabi_memcpy4                               
00006299  __aeabi_memcpy8                               
000062a1  remove                                        
000062a9  abort                                         
000062ae  C$$EXIT                                       
000062af  HOSTexit                                      
000062b3  Reset_Handler                                 
000062b7  _system_pre_init                              
00006338  __TI_Handler_Table_Base                       
00006344  __TI_Handler_Table_Limit                      
0000634c  __TI_CINIT_Base                               
0000635c  __TI_CINIT_Limit                              
0000635c  __TI_CINIT_Warm                               
20200000  __start___llvm_prf_bits                       
20200000  __start___llvm_prf_cnts                       
20200000  __stop___llvm_prf_bits                        
20200000  __stop___llvm_prf_cnts                        
20200000  _ftable                                       
202000f0  _device                                       
20200168  _stream                                       
202001b8  Player1                                       
202001e8  Player2                                       
20200218  Sensor                                        
2020022c  __TI_cleanup_ptr                              
20200230  __TI_dtors_ptr                                
20200234  BusFreq                                       
20200238  StX                                           
2020023c  StY                                           
20200240  __TI_ft_end                                   
20200244  _lock                                         
20200248  _unlock                                       
2020024c  StTextColor                                   
20200252  startX                                        
20200254  startY                                        
20200256  x                                             
20200258  y                                             
2020025a  drawScreen                                    
20200268  _sys_memory                                   
20200468  _CIOBUF_                                      
20200468  __CIOBUF_                                     
20200588  __TI_tmpnams                                  
20200628  parmbuf                                       
20200630  TExaSLogic                                    
20200634  TExaSadc                                      
20207e00  __stack                                       
20208000  __STACK_END                                   
ffffffff  __TI_pprof_out_hndl                           
ffffffff  __TI_prof_data_size                           
ffffffff  __TI_prof_data_start                          
ffffffff  __binit__                                     
ffffffff  binit                                         
UNDEFED   __mpu_init                                    
UNDEFED   _system_post_cinit                            

[189 symbols]
