<?xml version="1.0" encoding="ISO-8859-1" ?>
<link_info>
   <banner>TI ARM Clang Linker Unix v4.0.3.LTS</banner>
   <copyright>Copyright (c) 1996-2018 Texas Instruments Incorporated</copyright>
   <command_line>/Applications/ti/ccs2020/ccs/tools/compiler/ti-cgt-armllvm_4.0.3.LTS/bin/tiarmlnk -I/Applications/ti/ccs2020/ccs/tools/compiler/ti-cgt-armllvm_4.0.3.LTS/lib -o ECE319K_Lab9H.out -mECE319K_Lab9H.map --heap_size=512 --stack_size=512 -i/Users/cerealsurya/Desktop/mortal-kombat/ECE319K_Lab9H/Debug/syscfg -i/Applications/ti/ccs2020/ccs/tools/compiler/ti-cgt-armllvm_4.0.3.LTS/lib --diag_wrap=off --display_error_number --warn_sections --xml_link_info=ECE319K_Lab9H_linkInfo.xml --rom_model ./Character.o ./Clock.o ./DAC5.o ./LED.o ./Lab9HMain.o ./LaunchPad.o ./SPI.o ./ST7735.o ./SlidePot.o ./SmallFont.o ./Sound.o ./Switch.o ./TExaS.o ./Timer.o ./sprite_data.o ./images/pipedreams/PipeSound.o ./ticlang/startup_mspm0g3507_ticlang.o ../mspm0g3507.cmd -l/Users/cerealsurya/ti/mspm0_sdk_2_05_00_05/source/ti/driverlib/lib/ticlang/m0p/mspm0g1x0x_g3x0x/driverlib.a -llibc.a --start-group -llibc++.a -llibc++abi.a -llibc.a -llibsys.a -llibsysbm.a -llibclang_rt.builtins.a -llibclang_rt.profile.a --end-group --cg_opt_level=0</command_line>
   <link_time>0x69e80514</link_time>
   <link_errors>0x0</link_errors>
   <output_file>/Users/cerealsurya/Desktop/mortal-kombat/ECE319K_Lab9H/Debug/ECE319K_Lab9H.out</output_file>
   <entry_point>
      <name>_c_int00_noargs</name>
      <address>0x605d</address>
   </entry_point>
   <input_file_list>
      <input_file id="fl-1">
         <path>/Users/cerealsurya/Desktop/mortal-kombat/ECE319K_Lab9H/Debug/./</path>
         <kind>object</kind>
         <file>Character.o</file>
         <name>Character.o</name>
      </input_file>
      <input_file id="fl-2">
         <path>/Users/cerealsurya/Desktop/mortal-kombat/ECE319K_Lab9H/Debug/./</path>
         <kind>object</kind>
         <file>Clock.o</file>
         <name>Clock.o</name>
      </input_file>
      <input_file id="fl-3">
         <path>/Users/cerealsurya/Desktop/mortal-kombat/ECE319K_Lab9H/Debug/./</path>
         <kind>object</kind>
         <file>DAC5.o</file>
         <name>DAC5.o</name>
      </input_file>
      <input_file id="fl-4">
         <path>/Users/cerealsurya/Desktop/mortal-kombat/ECE319K_Lab9H/Debug/./</path>
         <kind>object</kind>
         <file>LED.o</file>
         <name>LED.o</name>
      </input_file>
      <input_file id="fl-5">
         <path>/Users/cerealsurya/Desktop/mortal-kombat/ECE319K_Lab9H/Debug/./</path>
         <kind>object</kind>
         <file>Lab9HMain.o</file>
         <name>Lab9HMain.o</name>
      </input_file>
      <input_file id="fl-6">
         <path>/Users/cerealsurya/Desktop/mortal-kombat/ECE319K_Lab9H/Debug/./</path>
         <kind>object</kind>
         <file>LaunchPad.o</file>
         <name>LaunchPad.o</name>
      </input_file>
      <input_file id="fl-7">
         <path>/Users/cerealsurya/Desktop/mortal-kombat/ECE319K_Lab9H/Debug/./</path>
         <kind>object</kind>
         <file>SPI.o</file>
         <name>SPI.o</name>
      </input_file>
      <input_file id="fl-8">
         <path>/Users/cerealsurya/Desktop/mortal-kombat/ECE319K_Lab9H/Debug/./</path>
         <kind>object</kind>
         <file>ST7735.o</file>
         <name>ST7735.o</name>
      </input_file>
      <input_file id="fl-9">
         <path>/Users/cerealsurya/Desktop/mortal-kombat/ECE319K_Lab9H/Debug/./</path>
         <kind>object</kind>
         <file>SlidePot.o</file>
         <name>SlidePot.o</name>
      </input_file>
      <input_file id="fl-a">
         <path>/Users/cerealsurya/Desktop/mortal-kombat/ECE319K_Lab9H/Debug/./</path>
         <kind>object</kind>
         <file>SmallFont.o</file>
         <name>SmallFont.o</name>
      </input_file>
      <input_file id="fl-b">
         <path>/Users/cerealsurya/Desktop/mortal-kombat/ECE319K_Lab9H/Debug/./</path>
         <kind>object</kind>
         <file>Sound.o</file>
         <name>Sound.o</name>
      </input_file>
      <input_file id="fl-c">
         <path>/Users/cerealsurya/Desktop/mortal-kombat/ECE319K_Lab9H/Debug/./</path>
         <kind>object</kind>
         <file>Switch.o</file>
         <name>Switch.o</name>
      </input_file>
      <input_file id="fl-d">
         <path>/Users/cerealsurya/Desktop/mortal-kombat/ECE319K_Lab9H/Debug/./</path>
         <kind>object</kind>
         <file>TExaS.o</file>
         <name>TExaS.o</name>
      </input_file>
      <input_file id="fl-e">
         <path>/Users/cerealsurya/Desktop/mortal-kombat/ECE319K_Lab9H/Debug/./</path>
         <kind>object</kind>
         <file>Timer.o</file>
         <name>Timer.o</name>
      </input_file>
      <input_file id="fl-f">
         <path>/Users/cerealsurya/Desktop/mortal-kombat/ECE319K_Lab9H/Debug/./</path>
         <kind>object</kind>
         <file>sprite_data.o</file>
         <name>sprite_data.o</name>
      </input_file>
      <input_file id="fl-10">
         <path>/Users/cerealsurya/Desktop/mortal-kombat/ECE319K_Lab9H/Debug/./images/pipedreams/</path>
         <kind>object</kind>
         <file>PipeSound.o</file>
         <name>PipeSound.o</name>
      </input_file>
      <input_file id="fl-11">
         <path>/Users/cerealsurya/Desktop/mortal-kombat/ECE319K_Lab9H/Debug/./ticlang/</path>
         <kind>object</kind>
         <file>startup_mspm0g3507_ticlang.o</file>
         <name>startup_mspm0g3507_ticlang.o</name>
      </input_file>
      <input_file id="fl-1d">
         <path>/Users/cerealsurya/Desktop/mortal-kombat/ECE319K_Lab9H/Debug/</path>
         <kind>object</kind>
         <file>&lt;internal&gt;</file>
         <name>&lt;internal&gt;</name>
      </input_file>
      <input_file id="fl-34">
         <path>/Applications/ti/ccs2020/ccs/tools/compiler/ti-cgt-armllvm_4.0.3.LTS/lib/armv6m-ti-none-eabi/c/</path>
         <kind>archive</kind>
         <file>libc.a</file>
         <name>fopen.c.obj</name>
      </input_file>
      <input_file id="fl-35">
         <path>/Applications/ti/ccs2020/ccs/tools/compiler/ti-cgt-armllvm_4.0.3.LTS/lib/armv6m-ti-none-eabi/c/</path>
         <kind>archive</kind>
         <file>libc.a</file>
         <name>setvbuf.c.obj</name>
      </input_file>
      <input_file id="fl-36">
         <path>/Applications/ti/ccs2020/ccs/tools/compiler/ti-cgt-armllvm_4.0.3.LTS/lib/armv6m-ti-none-eabi/c/</path>
         <kind>archive</kind>
         <file>libc.a</file>
         <name>aeabi_portable.c.obj</name>
      </input_file>
      <input_file id="fl-37">
         <path>/Applications/ti/ccs2020/ccs/tools/compiler/ti-cgt-armllvm_4.0.3.LTS/lib/armv6m-ti-none-eabi/c/</path>
         <kind>archive</kind>
         <file>libc.a</file>
         <name>exit.c.obj</name>
      </input_file>
      <input_file id="fl-38">
         <path>/Applications/ti/ccs2020/ccs/tools/compiler/ti-cgt-armllvm_4.0.3.LTS/lib/armv6m-ti-none-eabi/c/</path>
         <kind>archive</kind>
         <file>libc.a</file>
         <name>_lock.c.obj</name>
      </input_file>
      <input_file id="fl-39">
         <path>/Applications/ti/ccs2020/ccs/tools/compiler/ti-cgt-armllvm_4.0.3.LTS/lib/armv6m-ti-none-eabi/c/</path>
         <kind>archive</kind>
         <file>libc.a</file>
         <name>assert.c.obj</name>
      </input_file>
      <input_file id="fl-3a">
         <path>/Applications/ti/ccs2020/ccs/tools/compiler/ti-cgt-armllvm_4.0.3.LTS/lib/armv6m-ti-none-eabi/c/</path>
         <kind>archive</kind>
         <file>libc.a</file>
         <name>defs.c.obj</name>
      </input_file>
      <input_file id="fl-3b">
         <path>/Applications/ti/ccs2020/ccs/tools/compiler/ti-cgt-armllvm_4.0.3.LTS/lib/armv6m-ti-none-eabi/c/</path>
         <kind>archive</kind>
         <file>libc.a</file>
         <name>memory.c.obj</name>
      </input_file>
      <input_file id="fl-3c">
         <path>/Applications/ti/ccs2020/ccs/tools/compiler/ti-cgt-armllvm_4.0.3.LTS/lib/armv6m-ti-none-eabi/c/</path>
         <kind>archive</kind>
         <file>libc.a</file>
         <name>boot_cortex_m.c.obj</name>
      </input_file>
      <input_file id="fl-3d">
         <path>/Applications/ti/ccs2020/ccs/tools/compiler/ti-cgt-armllvm_4.0.3.LTS/lib/armv6m-ti-none-eabi/c/</path>
         <kind>archive</kind>
         <file>libc.a</file>
         <name>mathacl_init.c.obj</name>
      </input_file>
      <input_file id="fl-3e">
         <path>/Applications/ti/ccs2020/ccs/tools/compiler/ti-cgt-armllvm_4.0.3.LTS/lib/armv6m-ti-none-eabi/c/</path>
         <kind>archive</kind>
         <file>libc.a</file>
         <name>autoinit.c.obj</name>
      </input_file>
      <input_file id="fl-3f">
         <path>/Applications/ti/ccs2020/ccs/tools/compiler/ti-cgt-armllvm_4.0.3.LTS/lib/armv6m-ti-none-eabi/c/</path>
         <kind>archive</kind>
         <file>libc.a</file>
         <name>pre_init.c.obj</name>
      </input_file>
      <input_file id="fl-40">
         <path>/Applications/ti/ccs2020/ccs/tools/compiler/ti-cgt-armllvm_4.0.3.LTS/lib/armv6m-ti-none-eabi/c/</path>
         <kind>archive</kind>
         <file>libc.a</file>
         <name>cpy_tbl.c.obj</name>
      </input_file>
      <input_file id="fl-41">
         <path>/Applications/ti/ccs2020/ccs/tools/compiler/ti-cgt-armllvm_4.0.3.LTS/lib/armv6m-ti-none-eabi/c/</path>
         <kind>archive</kind>
         <file>libc.a</file>
         <name>copy_zero_init.c.obj</name>
      </input_file>
      <input_file id="fl-42">
         <path>/Applications/ti/ccs2020/ccs/tools/compiler/ti-cgt-armllvm_4.0.3.LTS/lib/armv6m-ti-none-eabi/c/</path>
         <kind>archive</kind>
         <file>libc.a</file>
         <name>copy_decompress_none.c.obj</name>
      </input_file>
      <input_file id="fl-43">
         <path>/Applications/ti/ccs2020/ccs/tools/compiler/ti-cgt-armllvm_4.0.3.LTS/lib/armv6m-ti-none-eabi/c/</path>
         <kind>archive</kind>
         <file>libc.a</file>
         <name>copy_decompress_lzss.c.obj</name>
      </input_file>
      <input_file id="fl-44">
         <path>/Applications/ti/ccs2020/ccs/tools/compiler/ti-cgt-armllvm_4.0.3.LTS/lib/armv6m-ti-none-eabi/c/</path>
         <kind>archive</kind>
         <file>libc.a</file>
         <name>sprintf.c.obj</name>
      </input_file>
      <input_file id="fl-45">
         <path>/Applications/ti/ccs2020/ccs/tools/compiler/ti-cgt-armllvm_4.0.3.LTS/lib/armv6m-ti-none-eabi/c/</path>
         <kind>archive</kind>
         <file>libc.a</file>
         <name>fclose.c.obj</name>
      </input_file>
      <input_file id="fl-46">
         <path>/Applications/ti/ccs2020/ccs/tools/compiler/ti-cgt-armllvm_4.0.3.LTS/lib/armv6m-ti-none-eabi/c/</path>
         <kind>archive</kind>
         <file>libc.a</file>
         <name>fflush.c.obj</name>
      </input_file>
      <input_file id="fl-47">
         <path>/Applications/ti/ccs2020/ccs/tools/compiler/ti-cgt-armllvm_4.0.3.LTS/lib/armv6m-ti-none-eabi/c/</path>
         <kind>archive</kind>
         <file>libc.a</file>
         <name>fputs.c.obj</name>
      </input_file>
      <input_file id="fl-48">
         <path>/Applications/ti/ccs2020/ccs/tools/compiler/ti-cgt-armllvm_4.0.3.LTS/lib/armv6m-ti-none-eabi/c/</path>
         <kind>archive</kind>
         <file>libc.a</file>
         <name>_io_perm.c.obj</name>
      </input_file>
      <input_file id="fl-49">
         <path>/Applications/ti/ccs2020/ccs/tools/compiler/ti-cgt-armllvm_4.0.3.LTS/lib/armv6m-ti-none-eabi/c/</path>
         <kind>archive</kind>
         <file>libc.a</file>
         <name>args_main.c.obj</name>
      </input_file>
      <input_file id="fl-4a">
         <path>/Applications/ti/ccs2020/ccs/tools/compiler/ti-cgt-armllvm_4.0.3.LTS/lib/armv6m-ti-none-eabi/c/</path>
         <kind>archive</kind>
         <file>libc.a</file>
         <name>_printfi.c.obj</name>
      </input_file>
      <input_file id="fl-4b">
         <path>/Applications/ti/ccs2020/ccs/tools/compiler/ti-cgt-armllvm_4.0.3.LTS/lib/armv6m-ti-none-eabi/c/</path>
         <kind>archive</kind>
         <file>libc.a</file>
         <name>fseek.c.obj</name>
      </input_file>
      <input_file id="fl-4c">
         <path>/Applications/ti/ccs2020/ccs/tools/compiler/ti-cgt-armllvm_4.0.3.LTS/lib/armv6m-ti-none-eabi/c/</path>
         <kind>archive</kind>
         <file>libc.a</file>
         <name>s_frexp.c.obj</name>
      </input_file>
      <input_file id="fl-4d">
         <path>/Applications/ti/ccs2020/ccs/tools/compiler/ti-cgt-armllvm_4.0.3.LTS/lib/armv6m-ti-none-eabi/c/</path>
         <kind>archive</kind>
         <file>libc.a</file>
         <name>s_scalbn.c.obj</name>
      </input_file>
      <input_file id="fl-4e">
         <path>/Applications/ti/ccs2020/ccs/tools/compiler/ti-cgt-armllvm_4.0.3.LTS/lib/armv6m-ti-none-eabi/c/</path>
         <kind>archive</kind>
         <file>libc.a</file>
         <name>wcslen.c.obj</name>
      </input_file>
      <input_file id="fl-4f">
         <path>/Applications/ti/ccs2020/ccs/tools/compiler/ti-cgt-armllvm_4.0.3.LTS/lib/armv6m-ti-none-eabi/c/</path>
         <kind>archive</kind>
         <file>libc.a</file>
         <name>_ltoa.c.obj</name>
      </input_file>
      <input_file id="fl-50">
         <path>/Applications/ti/ccs2020/ccs/tools/compiler/ti-cgt-armllvm_4.0.3.LTS/lib/armv6m-ti-none-eabi/c/</path>
         <kind>archive</kind>
         <file>libc.a</file>
         <name>atoi.c.obj</name>
      </input_file>
      <input_file id="fl-51">
         <path>/Applications/ti/ccs2020/ccs/tools/compiler/ti-cgt-armllvm_4.0.3.LTS/lib/armv6m-ti-none-eabi/c/</path>
         <kind>archive</kind>
         <file>libc.a</file>
         <name>memccpy.c.obj</name>
      </input_file>
      <input_file id="fl-52">
         <path>/Applications/ti/ccs2020/ccs/tools/compiler/ti-cgt-armllvm_4.0.3.LTS/lib/armv6m-ti-none-eabi/c/</path>
         <kind>archive</kind>
         <file>libc.a</file>
         <name>aeabi_ctype.S.obj</name>
      </input_file>
      <input_file id="fl-f2">
         <path>/Applications/ti/ccs2020/ccs/tools/compiler/ti-cgt-armllvm_4.0.3.LTS/lib/armv6m-ti-none-eabi/c/</path>
         <kind>archive</kind>
         <file>libsysbm.a</file>
         <name>hostexit.c.obj</name>
      </input_file>
      <input_file id="fl-f3">
         <path>/Applications/ti/ccs2020/ccs/tools/compiler/ti-cgt-armllvm_4.0.3.LTS/lib/armv6m-ti-none-eabi/c/</path>
         <kind>archive</kind>
         <file>libsysbm.a</file>
         <name>write.c.obj</name>
      </input_file>
      <input_file id="fl-f4">
         <path>/Applications/ti/ccs2020/ccs/tools/compiler/ti-cgt-armllvm_4.0.3.LTS/lib/armv6m-ti-none-eabi/c/</path>
         <kind>archive</kind>
         <file>libsysbm.a</file>
         <name>host_device.c.obj</name>
      </input_file>
      <input_file id="fl-f5">
         <path>/Applications/ti/ccs2020/ccs/tools/compiler/ti-cgt-armllvm_4.0.3.LTS/lib/armv6m-ti-none-eabi/c/</path>
         <kind>archive</kind>
         <file>libsysbm.a</file>
         <name>remove.c.obj</name>
      </input_file>
      <input_file id="fl-f6">
         <path>/Applications/ti/ccs2020/ccs/tools/compiler/ti-cgt-armllvm_4.0.3.LTS/lib/armv6m-ti-none-eabi/c/</path>
         <kind>archive</kind>
         <file>libsysbm.a</file>
         <name>open.c.obj</name>
      </input_file>
      <input_file id="fl-f7">
         <path>/Applications/ti/ccs2020/ccs/tools/compiler/ti-cgt-armllvm_4.0.3.LTS/lib/armv6m-ti-none-eabi/c/</path>
         <kind>archive</kind>
         <file>libsysbm.a</file>
         <name>lseek.c.obj</name>
      </input_file>
      <input_file id="fl-f8">
         <path>/Applications/ti/ccs2020/ccs/tools/compiler/ti-cgt-armllvm_4.0.3.LTS/lib/armv6m-ti-none-eabi/c/</path>
         <kind>archive</kind>
         <file>libsysbm.a</file>
         <name>close.c.obj</name>
      </input_file>
      <input_file id="fl-f9">
         <path>/Applications/ti/ccs2020/ccs/tools/compiler/ti-cgt-armllvm_4.0.3.LTS/lib/armv6m-ti-none-eabi/c/</path>
         <kind>archive</kind>
         <file>libsysbm.a</file>
         <name>add_device.c.obj</name>
      </input_file>
      <input_file id="fl-fa">
         <path>/Applications/ti/ccs2020/ccs/tools/compiler/ti-cgt-armllvm_4.0.3.LTS/lib/armv6m-ti-none-eabi/c/</path>
         <kind>archive</kind>
         <file>libsysbm.a</file>
         <name>unlink.c.obj</name>
      </input_file>
      <input_file id="fl-fb">
         <path>/Applications/ti/ccs2020/ccs/tools/compiler/ti-cgt-armllvm_4.0.3.LTS/lib/armv6m-ti-none-eabi/c/</path>
         <kind>archive</kind>
         <file>libsysbm.a</file>
         <name>hostclose.c.obj</name>
      </input_file>
      <input_file id="fl-fc">
         <path>/Applications/ti/ccs2020/ccs/tools/compiler/ti-cgt-armllvm_4.0.3.LTS/lib/armv6m-ti-none-eabi/c/</path>
         <kind>archive</kind>
         <file>libsysbm.a</file>
         <name>hostlseek.c.obj</name>
      </input_file>
      <input_file id="fl-fd">
         <path>/Applications/ti/ccs2020/ccs/tools/compiler/ti-cgt-armllvm_4.0.3.LTS/lib/armv6m-ti-none-eabi/c/</path>
         <kind>archive</kind>
         <file>libsysbm.a</file>
         <name>hostopen.c.obj</name>
      </input_file>
      <input_file id="fl-fe">
         <path>/Applications/ti/ccs2020/ccs/tools/compiler/ti-cgt-armllvm_4.0.3.LTS/lib/armv6m-ti-none-eabi/c/</path>
         <kind>archive</kind>
         <file>libsysbm.a</file>
         <name>hostread.c.obj</name>
      </input_file>
      <input_file id="fl-ff">
         <path>/Applications/ti/ccs2020/ccs/tools/compiler/ti-cgt-armllvm_4.0.3.LTS/lib/armv6m-ti-none-eabi/c/</path>
         <kind>archive</kind>
         <file>libsysbm.a</file>
         <name>hostrename.c.obj</name>
      </input_file>
      <input_file id="fl-100">
         <path>/Applications/ti/ccs2020/ccs/tools/compiler/ti-cgt-armllvm_4.0.3.LTS/lib/armv6m-ti-none-eabi/c/</path>
         <kind>archive</kind>
         <file>libsysbm.a</file>
         <name>hostunlink.c.obj</name>
      </input_file>
      <input_file id="fl-101">
         <path>/Applications/ti/ccs2020/ccs/tools/compiler/ti-cgt-armllvm_4.0.3.LTS/lib/armv6m-ti-none-eabi/c/</path>
         <kind>archive</kind>
         <file>libsysbm.a</file>
         <name>hostwrite.c.obj</name>
      </input_file>
      <input_file id="fl-102">
         <path>/Applications/ti/ccs2020/ccs/tools/compiler/ti-cgt-armllvm_4.0.3.LTS/lib/armv6m-ti-none-eabi/c/</path>
         <kind>archive</kind>
         <file>libsysbm.a</file>
         <name>trgmsg.c.obj</name>
      </input_file>
      <input_file id="fl-103">
         <path>/Applications/ti/ccs2020/ccs/tools/compiler/ti-cgt-armllvm_4.0.3.LTS/lib/armv6m-ti-none-eabi/</path>
         <kind>archive</kind>
         <file>libclang_rt.builtins.a</file>
         <name>adddf3.S.obj</name>
      </input_file>
      <input_file id="fl-104">
         <path>/Applications/ti/ccs2020/ccs/tools/compiler/ti-cgt-armllvm_4.0.3.LTS/lib/armv6m-ti-none-eabi/</path>
         <kind>archive</kind>
         <file>libclang_rt.builtins.a</file>
         <name>muldf3.S.obj</name>
      </input_file>
      <input_file id="fl-105">
         <path>/Applications/ti/ccs2020/ccs/tools/compiler/ti-cgt-armllvm_4.0.3.LTS/lib/armv6m-ti-none-eabi/</path>
         <kind>archive</kind>
         <file>libclang_rt.builtins.a</file>
         <name>muldsi3.S.obj</name>
      </input_file>
      <input_file id="fl-106">
         <path>/Applications/ti/ccs2020/ccs/tools/compiler/ti-cgt-armllvm_4.0.3.LTS/lib/armv6m-ti-none-eabi/</path>
         <kind>archive</kind>
         <file>libclang_rt.builtins.a</file>
         <name>divdf3.S.obj</name>
      </input_file>
      <input_file id="fl-107">
         <path>/Applications/ti/ccs2020/ccs/tools/compiler/ti-cgt-armllvm_4.0.3.LTS/lib/armv6m-ti-none-eabi/</path>
         <kind>archive</kind>
         <file>libclang_rt.builtins.a</file>
         <name>fixdfsi.S.obj</name>
      </input_file>
      <input_file id="fl-108">
         <path>/Applications/ti/ccs2020/ccs/tools/compiler/ti-cgt-armllvm_4.0.3.LTS/lib/armv6m-ti-none-eabi/</path>
         <kind>archive</kind>
         <file>libclang_rt.builtins.a</file>
         <name>floatsidf.S.obj</name>
      </input_file>
      <input_file id="fl-109">
         <path>/Applications/ti/ccs2020/ccs/tools/compiler/ti-cgt-armllvm_4.0.3.LTS/lib/armv6m-ti-none-eabi/</path>
         <kind>archive</kind>
         <file>libclang_rt.builtins.a</file>
         <name>floatunsidf.S.obj</name>
      </input_file>
      <input_file id="fl-10a">
         <path>/Applications/ti/ccs2020/ccs/tools/compiler/ti-cgt-armllvm_4.0.3.LTS/lib/armv6m-ti-none-eabi/</path>
         <kind>archive</kind>
         <file>libclang_rt.builtins.a</file>
         <name>muldi3.S.obj</name>
      </input_file>
      <input_file id="fl-10b">
         <path>/Applications/ti/ccs2020/ccs/tools/compiler/ti-cgt-armllvm_4.0.3.LTS/lib/armv6m-ti-none-eabi/</path>
         <kind>archive</kind>
         <file>libclang_rt.builtins.a</file>
         <name>truncdfsf2.S.obj</name>
      </input_file>
      <input_file id="fl-10c">
         <path>/Applications/ti/ccs2020/ccs/tools/compiler/ti-cgt-armllvm_4.0.3.LTS/lib/armv6m-ti-none-eabi/</path>
         <kind>archive</kind>
         <file>libclang_rt.builtins.a</file>
         <name>aeabi_dcmp.S.obj</name>
      </input_file>
      <input_file id="fl-10d">
         <path>/Applications/ti/ccs2020/ccs/tools/compiler/ti-cgt-armllvm_4.0.3.LTS/lib/armv6m-ti-none-eabi/</path>
         <kind>archive</kind>
         <file>libclang_rt.builtins.a</file>
         <name>aeabi_idivmod.S.obj</name>
      </input_file>
      <input_file id="fl-10e">
         <path>/Applications/ti/ccs2020/ccs/tools/compiler/ti-cgt-armllvm_4.0.3.LTS/lib/armv6m-ti-none-eabi/</path>
         <kind>archive</kind>
         <file>libclang_rt.builtins.a</file>
         <name>aeabi_memcpy.S.obj</name>
      </input_file>
      <input_file id="fl-10f">
         <path>/Applications/ti/ccs2020/ccs/tools/compiler/ti-cgt-armllvm_4.0.3.LTS/lib/armv6m-ti-none-eabi/</path>
         <kind>archive</kind>
         <file>libclang_rt.builtins.a</file>
         <name>aeabi_memset.S.obj</name>
      </input_file>
      <input_file id="fl-110">
         <path>/Applications/ti/ccs2020/ccs/tools/compiler/ti-cgt-armllvm_4.0.3.LTS/lib/armv6m-ti-none-eabi/</path>
         <kind>archive</kind>
         <file>libclang_rt.builtins.a</file>
         <name>aeabi_uidivmod.S.obj</name>
      </input_file>
      <input_file id="fl-111">
         <path>/Applications/ti/ccs2020/ccs/tools/compiler/ti-cgt-armllvm_4.0.3.LTS/lib/armv6m-ti-none-eabi/</path>
         <kind>archive</kind>
         <file>libclang_rt.builtins.a</file>
         <name>aeabi_uldivmod.S.obj</name>
      </input_file>
      <input_file id="fl-112">
         <path>/Applications/ti/ccs2020/ccs/tools/compiler/ti-cgt-armllvm_4.0.3.LTS/lib/armv6m-ti-none-eabi/</path>
         <kind>archive</kind>
         <file>libclang_rt.builtins.a</file>
         <name>udivmoddi4.S.obj</name>
      </input_file>
      <input_file id="fl-113">
         <path>/Applications/ti/ccs2020/ccs/tools/compiler/ti-cgt-armllvm_4.0.3.LTS/lib/armv6m-ti-none-eabi/</path>
         <kind>archive</kind>
         <file>libclang_rt.builtins.a</file>
         <name>ashldi3.S.obj</name>
      </input_file>
      <input_file id="fl-114">
         <path>/Applications/ti/ccs2020/ccs/tools/compiler/ti-cgt-armllvm_4.0.3.LTS/lib/armv6m-ti-none-eabi/</path>
         <kind>archive</kind>
         <file>libclang_rt.builtins.a</file>
         <name>comparedf2.c.obj</name>
      </input_file>
      <input_file id="fl-115">
         <path>/Applications/ti/ccs2020/ccs/tools/compiler/ti-cgt-armllvm_4.0.3.LTS/lib/armv6m-ti-none-eabi/</path>
         <kind>archive</kind>
         <file>libclang_rt.builtins.a</file>
         <name>aeabi_div0.c.obj</name>
      </input_file>
      <input_file id="fl-116">
         <path>/Applications/ti/ccs2020/ccs/tools/compiler/ti-cgt-armllvm_4.0.3.LTS/lib/armv6m-ti-none-eabi/c/</path>
         <kind>archive</kind>
         <file>libc.a</file>
         <name>getdevice.c.obj</name>
      </input_file>
      <input_file id="fl-117">
         <path>/Applications/ti/ccs2020/ccs/tools/compiler/ti-cgt-armllvm_4.0.3.LTS/lib/armv6m-ti-none-eabi/c/</path>
         <kind>archive</kind>
         <file>libc.a</file>
         <name>memcpy16.S.obj</name>
      </input_file>
      <input_file id="fl-118">
         <path>/Applications/ti/ccs2020/ccs/tools/compiler/ti-cgt-armllvm_4.0.3.LTS/lib/armv6m-ti-none-eabi/c/</path>
         <kind>archive</kind>
         <file>libc.a</file>
         <name>memset16.S.obj</name>
      </input_file>
      <input_file id="fl-119">
         <path>/Applications/ti/ccs2020/ccs/tools/compiler/ti-cgt-armllvm_4.0.3.LTS/lib/armv6m-ti-none-eabi/c/</path>
         <kind>archive</kind>
         <file>libc.a</file>
         <name>strcmp-armv6m.S.obj</name>
      </input_file>
   </input_file_list>
   <object_component_list>
      <object_component id="oc-18">
         <name>.intvecs</name>
         <load_address>0x0</load_address>
         <readonly>true</readonly>
         <run_address>0x0</run_address>
         <size>0xc0</size>
         <alignment>0x4</alignment>
         <input_file_ref idref="fl-11"/>
      </object_component>
      <object_component id="oc-143">
         <name>.text._Z17ST7735_DrawBitmapssPKtss</name>
         <load_address>0x3f70</load_address>
         <readonly>true</readonly>
         <executable>true</executable>
         <run_address>0x3f70</run_address>
         <size>0x210</size>
         <alignment>0x4</alignment>
         <input_file_ref idref="fl-8"/>
      </object_component>
      <object_component id="oc-e5">
         <name>.text._Z15Clock_Init80MHzi</name>
         <load_address>0x4180</load_address>
         <readonly>true</readonly>
         <executable>true</executable>
         <run_address>0x4180</run_address>
         <size>0x1b4</size>
         <alignment>0x4</alignment>
         <input_file_ref idref="fl-2"/>
      </object_component>
      <object_component id="oc-1d4">
         <name>.text._Z16ST7735_DrawCharSsscssh</name>
         <load_address>0x4334</load_address>
         <readonly>true</readonly>
         <executable>true</executable>
         <run_address>0x4334</run_address>
         <size>0x1a0</size>
         <alignment>0x4</alignment>
         <input_file_ref idref="fl-8"/>
      </object_component>
      <object_component id="oc-176">
         <name>.text._openfile</name>
         <load_address>0x44d4</load_address>
         <readonly>true</readonly>
         <executable>true</executable>
         <run_address>0x44d4</run_address>
         <size>0x154</size>
         <alignment>0x4</alignment>
         <input_file_ref idref="fl-34"/>
      </object_component>
      <object_component id="oc-f0">
         <name>.text._Z15ST7735_FillRectsssst</name>
         <load_address>0x4628</load_address>
         <readonly>true</readonly>
         <executable>true</executable>
         <run_address>0x4628</run_address>
         <size>0x118</size>
         <alignment>0x4</alignment>
         <input_file_ref idref="fl-8"/>
      </object_component>
      <object_component id="oc-1d2">
         <name>.text.aligned_alloc</name>
         <load_address>0x4740</load_address>
         <readonly>true</readonly>
         <executable>true</executable>
         <run_address>0x4740</run_address>
         <size>0x114</size>
         <alignment>0x4</alignment>
         <input_file_ref idref="fl-3b"/>
      </object_component>
      <object_component id="oc-18f">
         <name>.text._Z8SPI_Initv</name>
         <load_address>0x4854</load_address>
         <readonly>true</readonly>
         <executable>true</executable>
         <run_address>0x4854</run_address>
         <size>0xf8</size>
         <alignment>0x4</alignment>
         <input_file_ref idref="fl-7"/>
      </object_component>
      <object_component id="oc-11d">
         <name>.text.add_device</name>
         <load_address>0x494c</load_address>
         <readonly>true</readonly>
         <executable>true</executable>
         <run_address>0x494c</run_address>
         <size>0xec</size>
         <alignment>0x4</alignment>
         <input_file_ref idref="fl-f9"/>
      </object_component>
      <object_component id="oc-17f">
         <name>.text.free</name>
         <load_address>0x4a38</load_address>
         <readonly>true</readonly>
         <executable>true</executable>
         <run_address>0x4a38</run_address>
         <size>0xe8</size>
         <alignment>0x4</alignment>
         <input_file_ref idref="fl-3b"/>
      </object_component>
      <object_component id="oc-128">
         <name>.text.setvbuf</name>
         <load_address>0x4b20</load_address>
         <readonly>true</readonly>
         <executable>true</executable>
         <run_address>0x4b20</run_address>
         <size>0xe0</size>
         <alignment>0x4</alignment>
         <input_file_ref idref="fl-35"/>
      </object_component>
      <object_component id="oc-186">
         <name>.text._Z14ST7735_OutCharc</name>
         <load_address>0x4c00</load_address>
         <readonly>true</readonly>
         <executable>true</executable>
         <run_address>0x4c00</run_address>
         <size>0xd0</size>
         <alignment>0x4</alignment>
         <input_file_ref idref="fl-8"/>
      </object_component>
      <object_component id="oc-ac">
         <name>.text._ZN9Character8checkHitEss</name>
         <load_address>0x4cd0</load_address>
         <readonly>true</readonly>
         <executable>true</executable>
         <run_address>0x4cd0</run_address>
         <size>0xae</size>
         <alignment>0x2</alignment>
         <input_file_ref idref="fl-1"/>
      </object_component>
      <object_component id="oc-15e">
         <name>.text._ZL11commandListPKh</name>
         <load_address>0x4d7e</load_address>
         <readonly>true</readonly>
         <executable>true</executable>
         <run_address>0x4d7e</run_address>
         <size>0xa2</size>
         <alignment>0x2</alignment>
         <input_file_ref idref="fl-8"/>
      </object_component>
      <object_component id="oc-e9">
         <name>.text._Z17ST7735_InitPrintf10initRFlags</name>
         <load_address>0x4e20</load_address>
         <readonly>true</readonly>
         <executable>true</executable>
         <run_address>0x4e20</run_address>
         <size>0xa0</size>
         <alignment>0x4</alignment>
         <input_file_ref idref="fl-8"/>
      </object_component>
      <object_component id="oc-1ba">
         <name>.text.open</name>
         <load_address>0x4ec0</load_address>
         <readonly>true</readonly>
         <executable>true</executable>
         <run_address>0x4ec0</run_address>
         <size>0xa0</size>
         <alignment>0x4</alignment>
         <input_file_ref idref="fl-f6"/>
      </object_component>
      <object_component id="oc-11c">
         <name>.text._Z12ST7735_InitR10initRFlags</name>
         <load_address>0x4f60</load_address>
         <readonly>true</readonly>
         <executable>true</executable>
         <run_address>0x4f60</run_address>
         <size>0x98</size>
         <alignment>0x4</alignment>
         <input_file_ref idref="fl-8"/>
      </object_component>
      <object_component id="oc-13d">
         <name>.text._ZL13setAddrWindowhhhh</name>
         <load_address>0x4ff8</load_address>
         <readonly>true</readonly>
         <executable>true</executable>
         <run_address>0x4ff8</run_address>
         <size>0x88</size>
         <alignment>0x4</alignment>
         <input_file_ref idref="fl-8"/>
      </object_component>
      <object_component id="oc-192">
         <name>.text:strcmp</name>
         <load_address>0x5080</load_address>
         <readonly>true</readonly>
         <executable>true</executable>
         <run_address>0x5080</run_address>
         <size>0x88</size>
         <alignment>0x10</alignment>
         <input_file_ref idref="fl-119"/>
      </object_component>
      <object_component id="oc-af">
         <name>.text._Z12updateHealthv</name>
         <load_address>0x5108</load_address>
         <readonly>true</readonly>
         <executable>true</executable>
         <run_address>0x5108</run_address>
         <size>0x84</size>
         <alignment>0x4</alignment>
         <input_file_ref idref="fl-5"/>
      </object_component>
      <object_component id="oc-1d3">
         <name>.text._Z17ST7735_DrawStringttPcs</name>
         <load_address>0x518c</load_address>
         <readonly>true</readonly>
         <executable>true</executable>
         <run_address>0x518c</run_address>
         <size>0x84</size>
         <alignment>0x2</alignment>
         <input_file_ref idref="fl-8"/>
      </object_component>
      <object_component id="oc-85">
         <name>.text.main</name>
         <load_address>0x5210</load_address>
         <readonly>true</readonly>
         <executable>true</executable>
         <run_address>0x5210</run_address>
         <size>0x84</size>
         <alignment>0x4</alignment>
         <input_file_ref idref="fl-5"/>
      </object_component>
      <object_component id="oc-9f">
         <name>.text._Z14LaunchPad_Initv</name>
         <load_address>0x5294</load_address>
         <readonly>true</readonly>
         <executable>true</executable>
         <run_address>0x5294</run_address>
         <size>0x7c</size>
         <alignment>0x4</alignment>
         <input_file_ref idref="fl-6"/>
      </object_component>
      <object_component id="oc-10d">
         <name>.text._ZN8SlidePot4InitEv</name>
         <load_address>0x5310</load_address>
         <readonly>true</readonly>
         <executable>true</executable>
         <run_address>0x5310</run_address>
         <size>0x7c</size>
         <alignment>0x4</alignment>
         <input_file_ref idref="fl-9"/>
      </object_component>
      <object_component id="oc-179">
         <name>.text.__TI_closefile</name>
         <load_address>0x538c</load_address>
         <readonly>true</readonly>
         <executable>true</executable>
         <run_address>0x538c</run_address>
         <size>0x7c</size>
         <alignment>0x4</alignment>
         <input_file_ref idref="fl-45"/>
      </object_component>
      <object_component id="oc-1c">
         <name>.text:decompress:lzss</name>
         <load_address>0x5408</load_address>
         <readonly>true</readonly>
         <executable>true</executable>
         <run_address>0x5408</run_address>
         <size>0x7c</size>
         <alignment>0x4</alignment>
         <input_file_ref idref="fl-43"/>
      </object_component>
      <object_component id="oc-210">
         <name>.text._Z16ST7735_DrawPixelsst</name>
         <load_address>0x5484</load_address>
         <readonly>true</readonly>
         <executable>true</executable>
         <run_address>0x5484</run_address>
         <size>0x70</size>
         <alignment>0x4</alignment>
         <input_file_ref idref="fl-8"/>
      </object_component>
      <object_component id="oc-1a8">
         <name>.text.HOSTlseek</name>
         <load_address>0x54f4</load_address>
         <readonly>true</readonly>
         <executable>true</executable>
         <run_address>0x54f4</run_address>
         <size>0x6c</size>
         <alignment>0x4</alignment>
         <input_file_ref idref="fl-fc"/>
      </object_component>
      <object_component id="oc-1b0">
         <name>.text.HOSTrename</name>
         <load_address>0x5560</load_address>
         <readonly>true</readonly>
         <executable>true</executable>
         <run_address>0x5560</run_address>
         <size>0x6c</size>
         <alignment>0x4</alignment>
         <input_file_ref idref="fl-ff"/>
      </object_component>
      <object_component id="oc-1f7">
         <name>.text.getdevice</name>
         <load_address>0x55cc</load_address>
         <readonly>true</readonly>
         <executable>true</executable>
         <run_address>0x55cc</run_address>
         <size>0x6c</size>
         <alignment>0x4</alignment>
         <input_file_ref idref="fl-116"/>
      </object_component>
      <object_component id="oc-20e">
         <name>.text.split</name>
         <load_address>0x5638</load_address>
         <readonly>true</readonly>
         <executable>true</executable>
         <run_address>0x5638</run_address>
         <size>0x64</size>
         <alignment>0x4</alignment>
         <input_file_ref idref="fl-3b"/>
      </object_component>
      <object_component id="oc-198">
         <name>.text.HOSTopen</name>
         <load_address>0x569c</load_address>
         <readonly>true</readonly>
         <executable>true</executable>
         <run_address>0x569c</run_address>
         <size>0x60</size>
         <alignment>0x4</alignment>
         <input_file_ref idref="fl-fd"/>
      </object_component>
      <object_component id="oc-ae">
         <name>.text._ZN9Character7takeDmgE14CharacterState</name>
         <load_address>0x56fc</load_address>
         <readonly>true</readonly>
         <executable>true</executable>
         <run_address>0x56fc</run_address>
         <size>0x5a</size>
         <alignment>0x2</alignment>
         <input_file_ref idref="fl-1"/>
      </object_component>
      <object_component id="oc-d6">
         <name>.text._ZN9CharacterC2EssRK9SpriteSet</name>
         <load_address>0x5756</load_address>
         <readonly>true</readonly>
         <executable>true</executable>
         <run_address>0x5756</run_address>
         <size>0x5a</size>
         <alignment>0x2</alignment>
         <input_file_ref idref="fl-1"/>
      </object_component>
      <object_component id="oc-1a0">
         <name>.text.HOSTread</name>
         <load_address>0x57b0</load_address>
         <readonly>true</readonly>
         <executable>true</executable>
         <run_address>0x57b0</run_address>
         <size>0x58</size>
         <alignment>0x4</alignment>
         <input_file_ref idref="fl-fe"/>
      </object_component>
      <object_component id="oc-1a4">
         <name>.text.HOSTwrite</name>
         <load_address>0x5808</load_address>
         <readonly>true</readonly>
         <executable>true</executable>
         <run_address>0x5808</run_address>
         <size>0x58</size>
         <alignment>0x4</alignment>
         <input_file_ref idref="fl-101"/>
      </object_component>
      <object_component id="oc-a4">
         <name>.text._Z10initScreenv</name>
         <load_address>0x5860</load_address>
         <readonly>true</readonly>
         <executable>true</executable>
         <run_address>0x5860</run_address>
         <size>0x56</size>
         <alignment>0x2</alignment>
         <input_file_ref idref="fl-5"/>
      </object_component>
      <object_component id="oc-38">
         <name>.text.SysTick_Handler</name>
         <load_address>0x58b6</load_address>
         <readonly>true</readonly>
         <executable>true</executable>
         <run_address>0x58b6</run_address>
         <size>0x2</size>
         <alignment>0x2</alignment>
         <input_file_ref idref="fl-b"/>
      </object_component>
      <object_component id="oc-c4">
         <name>.text:__TI_auto_init_nobinit</name>
         <load_address>0x58b8</load_address>
         <readonly>true</readonly>
         <executable>true</executable>
         <run_address>0x58b8</run_address>
         <size>0x54</size>
         <alignment>0x4</alignment>
         <input_file_ref idref="fl-3e"/>
      </object_component>
      <object_component id="oc-1be">
         <name>.text.__TI_doflush</name>
         <load_address>0x590c</load_address>
         <readonly>true</readonly>
         <executable>true</executable>
         <run_address>0x590c</run_address>
         <size>0x52</size>
         <alignment>0x2</alignment>
         <input_file_ref idref="fl-46"/>
      </object_component>
      <object_component id="oc-144">
         <name>.text.__aeabi_idiv0</name>
         <load_address>0x595e</load_address>
         <readonly>true</readonly>
         <executable>true</executable>
         <run_address>0x595e</run_address>
         <size>0x2</size>
         <alignment>0x2</alignment>
         <input_file_ref idref="fl-115"/>
      </object_component>
      <object_component id="oc-a5">
         <name>.text._ZN9Character4drawEv</name>
         <load_address>0x5960</load_address>
         <readonly>true</readonly>
         <executable>true</executable>
         <run_address>0x5960</run_address>
         <size>0x50</size>
         <alignment>0x4</alignment>
         <input_file_ref idref="fl-1"/>
      </object_component>
      <object_component id="oc-1c4">
         <name>.text.close</name>
         <load_address>0x59b0</load_address>
         <readonly>true</readonly>
         <executable>true</executable>
         <run_address>0x59b0</run_address>
         <size>0x50</size>
         <alignment>0x4</alignment>
         <input_file_ref idref="fl-f8"/>
      </object_component>
      <object_component id="oc-19c">
         <name>.text.HOSTclose</name>
         <load_address>0x5a00</load_address>
         <readonly>true</readonly>
         <executable>true</executable>
         <run_address>0x5a00</run_address>
         <size>0x48</size>
         <alignment>0x4</alignment>
         <input_file_ref idref="fl-fb"/>
      </object_component>
      <object_component id="oc-1ac">
         <name>.text.HOSTunlink</name>
         <load_address>0x5a48</load_address>
         <readonly>true</readonly>
         <executable>true</executable>
         <run_address>0x5a48</run_address>
         <size>0x48</size>
         <alignment>0x4</alignment>
         <input_file_ref idref="fl-100"/>
      </object_component>
      <object_component id="oc-15f">
         <name>.text._Z14SPI_OutCommandc</name>
         <load_address>0x5a90</load_address>
         <readonly>true</readonly>
         <executable>true</executable>
         <run_address>0x5a90</run_address>
         <size>0x48</size>
         <alignment>0x4</alignment>
         <input_file_ref idref="fl-7"/>
      </object_component>
      <object_component id="oc-f1">
         <name>.text._ZN9Character10blitSpriteEssPK12SPRITE_ARRAYbt</name>
         <load_address>0x5ad8</load_address>
         <readonly>true</readonly>
         <executable>true</executable>
         <run_address>0x5ad8</run_address>
         <size>0x42</size>
         <alignment>0x2</alignment>
         <input_file_ref idref="fl-1"/>
      </object_component>
      <object_component id="oc-14c">
         <name>.text._nop</name>
         <load_address>0x5b1a</load_address>
         <readonly>true</readonly>
         <executable>true</executable>
         <run_address>0x5b1a</run_address>
         <size>0x2</size>
         <alignment>0x2</alignment>
         <input_file_ref idref="fl-38"/>
      </object_component>
      <object_component id="oc-3d">
         <name>.text.TIMG7_IRQHandler</name>
         <load_address>0x5b1c</load_address>
         <readonly>true</readonly>
         <executable>true</executable>
         <run_address>0x5b1c</run_address>
         <size>0x40</size>
         <alignment>0x4</alignment>
         <input_file_ref idref="fl-d"/>
      </object_component>
      <object_component id="oc-1d7">
         <name>.text._Z9SPI_Resetv</name>
         <load_address>0x5b5c</load_address>
         <readonly>true</readonly>
         <executable>true</executable>
         <run_address>0x5b5c</run_address>
         <size>0x40</size>
         <alignment>0x4</alignment>
         <input_file_ref idref="fl-7"/>
      </object_component>
      <object_component id="oc-ad">
         <name>.text._ZN9Character5moveXEs</name>
         <load_address>0x5b9c</load_address>
         <readonly>true</readonly>
         <executable>true</executable>
         <run_address>0x5b9c</run_address>
         <size>0x40</size>
         <alignment>0x2</alignment>
         <input_file_ref idref="fl-1"/>
      </object_component>
      <object_component id="oc-f5">
         <name>.text.__aeabi_uidivmod</name>
         <load_address>0x5bdc</load_address>
         <readonly>true</readonly>
         <executable>true</executable>
         <run_address>0x5bdc</run_address>
         <size>0x40</size>
         <alignment>0x4</alignment>
         <input_file_ref idref="fl-110"/>
      </object_component>
      <object_component id="oc-175">
         <name>.text._search_fp</name>
         <load_address>0x5c1c</load_address>
         <readonly>true</readonly>
         <executable>true</executable>
         <run_address>0x5c1c</run_address>
         <size>0x40</size>
         <alignment>0x4</alignment>
         <input_file_ref idref="fl-34"/>
      </object_component>
      <object_component id="oc-13e">
         <name>.text._Z11SPI_OutDatac</name>
         <load_address>0x5c5c</load_address>
         <readonly>true</readonly>
         <executable>true</executable>
         <run_address>0x5c5c</run_address>
         <size>0x38</size>
         <alignment>0x4</alignment>
         <input_file_ref idref="fl-7"/>
      </object_component>
      <object_component id="oc-e6">
         <name>.text._Z15ActivatePortA_Bv</name>
         <load_address>0x5c94</load_address>
         <readonly>true</readonly>
         <executable>true</executable>
         <run_address>0x5c94</run_address>
         <size>0x38</size>
         <alignment>0x4</alignment>
         <input_file_ref idref="fl-6"/>
      </object_component>
      <object_component id="oc-12f">
         <name>.text._Z12ST7735_writeiPKcj</name>
         <load_address>0x5ccc</load_address>
         <readonly>true</readonly>
         <executable>true</executable>
         <run_address>0x5ccc</run_address>
         <size>0x34</size>
         <alignment>0x2</alignment>
         <input_file_ref idref="fl-8"/>
      </object_component>
      <object_component id="oc-b0">
         <name>.text._Z14Clock_Delay1msj</name>
         <load_address>0x5d00</load_address>
         <readonly>true</readonly>
         <executable>true</executable>
         <run_address>0x5d00</run_address>
         <size>0x34</size>
         <alignment>0x4</alignment>
         <input_file_ref idref="fl-2"/>
      </object_component>
      <object_component id="oc-160">
         <name>.text._Z16ST7735_SetCursorjj</name>
         <load_address>0x5d34</load_address>
         <readonly>true</readonly>
         <executable>true</executable>
         <run_address>0x5d34</run_address>
         <size>0x34</size>
         <alignment>0x4</alignment>
         <input_file_ref idref="fl-8"/>
      </object_component>
      <object_component id="oc-182">
         <name>.text.__TI_cleanup</name>
         <load_address>0x5d68</load_address>
         <readonly>true</readonly>
         <executable>true</executable>
         <run_address>0x5d68</run_address>
         <size>0x34</size>
         <alignment>0x4</alignment>
         <input_file_ref idref="fl-34"/>
      </object_component>
      <object_component id="oc-1df">
         <name>.text.__TI_readmsg</name>
         <load_address>0x5d9c</load_address>
         <readonly>true</readonly>
         <executable>true</executable>
         <run_address>0x5d9c</run_address>
         <size>0x34</size>
         <alignment>0x4</alignment>
         <input_file_ref idref="fl-102"/>
      </object_component>
      <object_component id="oc-1d9">
         <name>.text.__TI_writemsg</name>
         <load_address>0x5dd0</load_address>
         <readonly>true</readonly>
         <executable>true</executable>
         <run_address>0x5dd0</run_address>
         <size>0x34</size>
         <alignment>0x4</alignment>
         <input_file_ref idref="fl-102"/>
      </object_component>
      <object_component id="oc-bc">
         <name>.text.exit</name>
         <load_address>0x5e04</load_address>
         <readonly>true</readonly>
         <executable>true</executable>
         <run_address>0x5e04</run_address>
         <size>0x34</size>
         <alignment>0x4</alignment>
         <input_file_ref idref="fl-37"/>
      </object_component>
      <object_component id="oc-169">
         <name>.text.finddevice</name>
         <load_address>0x5e38</load_address>
         <readonly>true</readonly>
         <executable>true</executable>
         <run_address>0x5e38</run_address>
         <size>0x34</size>
         <alignment>0x4</alignment>
         <input_file_ref idref="fl-116"/>
      </object_component>
      <object_component id="oc-127">
         <name>.text.freopen</name>
         <load_address>0x5e6c</load_address>
         <readonly>true</readonly>
         <executable>true</executable>
         <run_address>0x5e6c</run_address>
         <size>0x34</size>
         <alignment>0x4</alignment>
         <input_file_ref idref="fl-34"/>
      </object_component>
      <object_component id="oc-ef">
         <name>.text._Z15ST7735_Color565hhh</name>
         <load_address>0x5ea0</load_address>
         <readonly>true</readonly>
         <executable>true</executable>
         <run_address>0x5ea0</run_address>
         <size>0x32</size>
         <alignment>0x2</alignment>
         <input_file_ref idref="fl-8"/>
      </object_component>
      <object_component id="oc-42">
         <name>.text.TIMG12_IRQHandler</name>
         <load_address>0x5ed4</load_address>
         <readonly>true</readonly>
         <executable>true</executable>
         <run_address>0x5ed4</run_address>
         <size>0x30</size>
         <alignment>0x4</alignment>
         <input_file_ref idref="fl-5"/>
      </object_component>
      <object_component id="oc-15d">
         <name>.text._ZL10commonInitPKh</name>
         <load_address>0x5f04</load_address>
         <readonly>true</readonly>
         <executable>true</executable>
         <run_address>0x5f04</run_address>
         <size>0x30</size>
         <alignment>0x4</alignment>
         <input_file_ref idref="fl-8"/>
      </object_component>
      <object_component id="oc-121">
         <name>.text.fopen</name>
         <load_address>0x5f34</load_address>
         <readonly>true</readonly>
         <executable>true</executable>
         <run_address>0x5f34</run_address>
         <size>0x30</size>
         <alignment>0x4</alignment>
         <input_file_ref idref="fl-34"/>
      </object_component>
      <object_component id="oc-ee">
         <name>.text._Z17ST7735_FillScreent</name>
         <load_address>0x5f64</load_address>
         <readonly>true</readonly>
         <executable>true</executable>
         <run_address>0x5f64</run_address>
         <size>0x2c</size>
         <alignment>0x4</alignment>
         <input_file_ref idref="fl-8"/>
      </object_component>
      <object_component id="oc-206">
         <name>.text.unlink</name>
         <load_address>0x5f90</load_address>
         <readonly>true</readonly>
         <executable>true</executable>
         <run_address>0x5f90</run_address>
         <size>0x2c</size>
         <alignment>0x4</alignment>
         <input_file_ref idref="fl-fa"/>
      </object_component>
      <object_component id="oc-91">
         <name>.text.__cxx_global_var_init.1</name>
         <load_address>0x5fbc</load_address>
         <readonly>true</readonly>
         <executable>true</executable>
         <run_address>0x5fbc</run_address>
         <size>0x28</size>
         <alignment>0x4</alignment>
         <input_file_ref idref="fl-5"/>
      </object_component>
      <object_component id="oc-93">
         <name>.text.__cxx_global_var_init.3</name>
         <load_address>0x5fe4</load_address>
         <readonly>true</readonly>
         <executable>true</executable>
         <run_address>0x5fe4</run_address>
         <size>0x28</size>
         <alignment>0x4</alignment>
         <input_file_ref idref="fl-5"/>
      </object_component>
      <object_component id="oc-1d1">
         <name>.text.free_list_insert</name>
         <load_address>0x600c</load_address>
         <readonly>true</readonly>
         <executable>true</executable>
         <run_address>0x600c</run_address>
         <size>0x28</size>
         <alignment>0x4</alignment>
         <input_file_ref idref="fl-3b"/>
      </object_component>
      <object_component id="oc-1fd">
         <name>.text.write</name>
         <load_address>0x6034</load_address>
         <readonly>true</readonly>
         <executable>true</executable>
         <run_address>0x6034</run_address>
         <size>0x28</size>
         <alignment>0x4</alignment>
         <input_file_ref idref="fl-f3"/>
      </object_component>
      <object_component id="oc-62">
         <name>.text:_c_int00_noargs</name>
         <load_address>0x605c</load_address>
         <readonly>true</readonly>
         <executable>true</executable>
         <run_address>0x605c</run_address>
         <size>0x28</size>
         <alignment>0x4</alignment>
         <input_file_ref idref="fl-3c"/>
      </object_component>
      <object_component id="oc-d0">
         <name>.text._ZN8SlidePotC2Ejj</name>
         <load_address>0x6084</load_address>
         <readonly>true</readonly>
         <executable>true</executable>
         <run_address>0x6084</run_address>
         <size>0x24</size>
         <alignment>0x2</alignment>
         <input_file_ref idref="fl-9"/>
      </object_component>
      <object_component id="oc-21b">
         <name>.text._ZL9pushColort</name>
         <load_address>0x60a8</load_address>
         <readonly>true</readonly>
         <executable>true</executable>
         <run_address>0x60a8</run_address>
         <size>0x1e</size>
         <alignment>0x2</alignment>
         <input_file_ref idref="fl-8"/>
      </object_component>
      <object_component id="oc-36">
         <name>.text.Default_Handler</name>
         <load_address>0x60c8</load_address>
         <readonly>true</readonly>
         <executable>true</executable>
         <run_address>0x60c8</run_address>
         <size>0x1c</size>
         <alignment>0x4</alignment>
         <input_file_ref idref="fl-11"/>
      </object_component>
      <object_component id="oc-37">
         <name>.text.HardFault_Handler</name>
         <load_address>0x60e4</load_address>
         <readonly>true</readonly>
         <executable>true</executable>
         <run_address>0x60e4</run_address>
         <size>0x1c</size>
         <alignment>0x4</alignment>
         <input_file_ref idref="fl-11"/>
      </object_component>
      <object_component id="oc-1cf">
         <name>.text.free_list_remove</name>
         <load_address>0x6100</load_address>
         <readonly>true</readonly>
         <executable>true</executable>
         <run_address>0x6100</run_address>
         <size>0x1c</size>
         <alignment>0x4</alignment>
         <input_file_ref idref="fl-3b"/>
      </object_component>
      <object_component id="oc-92">
         <name>.text.__cxx_global_var_init.2</name>
         <load_address>0x611c</load_address>
         <readonly>true</readonly>
         <executable>true</executable>
         <run_address>0x611c</run_address>
         <size>0x18</size>
         <alignment>0x4</alignment>
         <input_file_ref idref="fl-5"/>
      </object_component>
      <object_component id="oc-90">
         <name>.text.__cxx_global_var_init</name>
         <load_address>0x6134</load_address>
         <readonly>true</readonly>
         <executable>true</executable>
         <run_address>0x6134</run_address>
         <size>0x18</size>
         <alignment>0x4</alignment>
         <input_file_ref idref="fl-5"/>
      </object_component>
      <object_component id="oc-132">
         <name>.text._Z11ST7735_openPKcji</name>
         <load_address>0x614c</load_address>
         <readonly>true</readonly>
         <executable>true</executable>
         <run_address>0x614c</run_address>
         <size>0x16</size>
         <alignment>0x2</alignment>
         <input_file_ref idref="fl-8"/>
      </object_component>
      <object_component id="oc-130">
         <name>.text._Z11ST7735_readiPcj</name>
         <load_address>0x6162</load_address>
         <readonly>true</readonly>
         <executable>true</executable>
         <run_address>0x6162</run_address>
         <size>0x16</size>
         <alignment>0x2</alignment>
         <input_file_ref idref="fl-8"/>
      </object_component>
      <object_component id="oc-59">
         <name>.text:decompress:ZI:__TI_zero_init_nomemset</name>
         <load_address>0x6178</load_address>
         <readonly>true</readonly>
         <executable>true</executable>
         <run_address>0x6178</run_address>
         <size>0x16</size>
         <alignment>0x2</alignment>
         <input_file_ref idref="fl-41"/>
      </object_component>
      <object_component id="oc-69">
         <name>.text._GLOBAL__sub_I_Lab9HMain.cpp</name>
         <load_address>0x618e</load_address>
         <readonly>true</readonly>
         <executable>true</executable>
         <run_address>0x618e</run_address>
         <size>0x14</size>
         <alignment>0x2</alignment>
         <input_file_ref idref="fl-5"/>
      </object_component>
      <object_component id="oc-94">
         <name>.text:TI_memcpy_small</name>
         <load_address>0x61a2</load_address>
         <readonly>true</readonly>
         <executable>true</executable>
         <run_address>0x61a2</run_address>
         <size>0x12</size>
         <alignment>0x1</alignment>
         <input_file_ref idref="fl-117"/>
      </object_component>
      <object_component id="oc-20">
         <name>.text:decompress:none</name>
         <load_address>0x61b4</load_address>
         <readonly>true</readonly>
         <executable>true</executable>
         <run_address>0x61b4</run_address>
         <size>0x12</size>
         <alignment>0x2</alignment>
         <input_file_ref idref="fl-42"/>
      </object_component>
      <object_component id="oc-f9">
         <name>.text._Z11Clock_Delayj</name>
         <load_address>0x61c6</load_address>
         <readonly>true</readonly>
         <executable>true</executable>
         <run_address>0x61c6</run_address>
         <size>0x10</size>
         <alignment>0x2</alignment>
         <input_file_ref idref="fl-2"/>
      </object_component>
      <object_component id="oc-1d0">
         <name>.text.OUTLINED_FUNCTION_0</name>
         <load_address>0x61d6</load_address>
         <readonly>true</readonly>
         <executable>true</executable>
         <run_address>0x61d6</run_address>
         <size>0xe</size>
         <alignment>0x2</alignment>
         <input_file_ref idref="fl-3b"/>
      </object_component>
      <object_component id="oc-12e">
         <name>.text._Z12ST7735_lseekili</name>
         <load_address>0x61e4</load_address>
         <readonly>true</readonly>
         <executable>true</executable>
         <run_address>0x61e4</run_address>
         <size>0xe</size>
         <alignment>0x2</alignment>
         <input_file_ref idref="fl-8"/>
      </object_component>
      <object_component id="oc-aa">
         <name>.text._ZNK9Character4getXEv</name>
         <load_address>0x61f2</load_address>
         <readonly>true</readonly>
         <executable>true</executable>
         <run_address>0x61f2</run_address>
         <size>0xe</size>
         <alignment>0x2</alignment>
         <input_file_ref idref="fl-5"/>
      </object_component>
      <object_component id="oc-ab">
         <name>.text._ZNK9Character4getYEv</name>
         <load_address>0x6200</load_address>
         <readonly>true</readonly>
         <executable>true</executable>
         <run_address>0x6200</run_address>
         <size>0xe</size>
         <alignment>0x2</alignment>
         <input_file_ref idref="fl-5"/>
      </object_component>
      <object_component id="oc-f4">
         <name>.text._ZNK9Character9getHealthEv</name>
         <load_address>0x620e</load_address>
         <readonly>true</readonly>
         <executable>true</executable>
         <run_address>0x620e</run_address>
         <size>0xe</size>
         <alignment>0x2</alignment>
         <input_file_ref idref="fl-5"/>
      </object_component>
      <object_component id="oc-1f3">
         <name>.text.strcpy</name>
         <load_address>0x621c</load_address>
         <readonly>true</readonly>
         <executable>true</executable>
         <run_address>0x621c</run_address>
         <size>0xe</size>
         <alignment>0x2</alignment>
         <input_file_ref idref="fl-ff"/>
      </object_component>
      <object_component id="oc-1f4">
         <name>.text.strlen</name>
         <load_address>0x622a</load_address>
         <readonly>true</readonly>
         <executable>true</executable>
         <run_address>0x622a</run_address>
         <size>0xe</size>
         <alignment>0x2</alignment>
         <input_file_ref idref="fl-ff"/>
      </object_component>
      <object_component id="oc-df">
         <name>.text:TI_memset_small</name>
         <load_address>0x6238</load_address>
         <readonly>true</readonly>
         <executable>true</executable>
         <run_address>0x6238</run_address>
         <size>0xe</size>
         <alignment>0x1</alignment>
         <input_file_ref idref="fl-118"/>
      </object_component>
      <object_component id="oc-1d6">
         <name>.text._Z10Clock_Freqv</name>
         <load_address>0x6248</load_address>
         <readonly>true</readonly>
         <executable>true</executable>
         <run_address>0x6248</run_address>
         <size>0xc</size>
         <alignment>0x4</alignment>
         <input_file_ref idref="fl-2"/>
      </object_component>
      <object_component id="oc-12c">
         <name>.text._Z13ST7735_renamePKcS0_</name>
         <load_address>0x6254</load_address>
         <readonly>true</readonly>
         <executable>true</executable>
         <run_address>0x6254</run_address>
         <size>0xc</size>
         <alignment>0x2</alignment>
         <input_file_ref idref="fl-8"/>
      </object_component>
      <object_component id="oc-7c">
         <name>.text.__aeabi_memclr</name>
         <load_address>0x6260</load_address>
         <readonly>true</readonly>
         <executable>true</executable>
         <run_address>0x6260</run_address>
         <size>0xc</size>
         <alignment>0x4</alignment>
         <input_file_ref idref="fl-10f"/>
      </object_component>
      <object_component id="oc-181">
         <name>.text.malloc</name>
         <load_address>0x626c</load_address>
         <readonly>true</readonly>
         <executable>true</executable>
         <run_address>0x626c</run_address>
         <size>0xc</size>
         <alignment>0x2</alignment>
         <input_file_ref idref="fl-3b"/>
      </object_component>
      <object_component id="oc-133">
         <name>.text._Z12ST7735_closei</name>
         <load_address>0x6278</load_address>
         <readonly>true</readonly>
         <executable>true</executable>
         <run_address>0x6278</run_address>
         <size>0xa</size>
         <alignment>0x2</alignment>
         <input_file_ref idref="fl-8"/>
      </object_component>
      <object_component id="oc-12d">
         <name>.text._Z13ST7735_unlinkPKc</name>
         <load_address>0x6282</load_address>
         <readonly>true</readonly>
         <executable>true</executable>
         <run_address>0x6282</run_address>
         <size>0xa</size>
         <alignment>0x2</alignment>
         <input_file_ref idref="fl-8"/>
      </object_component>
      <object_component id="oc-9e">
         <name>.text._Z8PLL_Initv</name>
         <load_address>0x628c</load_address>
         <readonly>true</readonly>
         <executable>true</executable>
         <run_address>0x628c</run_address>
         <size>0xa</size>
         <alignment>0x2</alignment>
         <input_file_ref idref="fl-5"/>
      </object_component>
      <object_component id="oc-52">
         <name>.text.__aeabi_memcpy</name>
         <load_address>0x6298</load_address>
         <readonly>true</readonly>
         <executable>true</executable>
         <run_address>0x6298</run_address>
         <size>0x8</size>
         <alignment>0x4</alignment>
         <input_file_ref idref="fl-10e"/>
      </object_component>
      <object_component id="oc-1c8">
         <name>.text.remove</name>
         <load_address>0x62a0</load_address>
         <readonly>true</readonly>
         <executable>true</executable>
         <run_address>0x62a0</run_address>
         <size>0x8</size>
         <alignment>0x2</alignment>
         <input_file_ref idref="fl-f5"/>
      </object_component>
      <object_component id="oc-b7">
         <name>.text:abort</name>
         <load_address>0x62a8</load_address>
         <readonly>true</readonly>
         <executable>true</executable>
         <run_address>0x62a8</run_address>
         <size>0x6</size>
         <alignment>0x2</alignment>
         <input_file_ref idref="fl-37"/>
      </object_component>
      <object_component id="oc-fd">
         <name>.text.HOSTexit</name>
         <load_address>0x62ae</load_address>
         <readonly>true</readonly>
         <executable>true</executable>
         <run_address>0x62ae</run_address>
         <size>0x4</size>
         <alignment>0x2</alignment>
         <input_file_ref idref="fl-f2"/>
      </object_component>
      <object_component id="oc-32">
         <name>.text.Reset_Handler</name>
         <load_address>0x62b2</load_address>
         <readonly>true</readonly>
         <executable>true</executable>
         <run_address>0x62b2</run_address>
         <size>0x4</size>
         <alignment>0x2</alignment>
         <input_file_ref idref="fl-11"/>
      </object_component>
      <object_component id="oc-81">
         <name>.text._system_pre_init</name>
         <load_address>0x62b6</load_address>
         <readonly>true</readonly>
         <executable>true</executable>
         <run_address>0x62b6</run_address>
         <size>0x4</size>
         <alignment>0x2</alignment>
         <input_file_ref idref="fl-3f"/>
      </object_component>
      <object_component id="oc-25d">
         <name>.cinit..data.load</name>
         <load_address>0x62c0</load_address>
         <readonly>true</readonly>
         <run_address>0x62c0</run_address>
         <size>0x75</size>
         <alignment>0x1</alignment>
      </object_component>
      <object_component id="oc-25b">
         <name>__TI_handler_table</name>
         <load_address>0x6338</load_address>
         <readonly>true</readonly>
         <run_address>0x6338</run_address>
         <size>0xc</size>
         <alignment>0x4</alignment>
      </object_component>
      <object_component id="oc-25e">
         <name>.cinit..bss.load</name>
         <load_address>0x6344</load_address>
         <readonly>true</readonly>
         <run_address>0x6344</run_address>
         <size>0x8</size>
         <alignment>0x4</alignment>
      </object_component>
      <object_component id="oc-25c">
         <name>__TI_cinit_table</name>
         <load_address>0x634c</load_address>
         <readonly>true</readonly>
         <run_address>0x634c</run_address>
         <size>0x10</size>
         <alignment>0x4</alignment>
      </object_component>
      <object_component id="oc-157">
         <name>.rodata._ZL15CHAR1_KICK_DATA</name>
         <load_address>0xc0</load_address>
         <readonly>true</readonly>
         <run_address>0xc0</run_address>
         <size>0xbc0</size>
         <alignment>0x2</alignment>
         <input_file_ref idref="fl-f"/>
      </object_component>
      <object_component id="oc-155">
         <name>.rodata._ZL15CHAR1_IDLE_DATA</name>
         <load_address>0xc80</load_address>
         <readonly>true</readonly>
         <run_address>0xc80</run_address>
         <size>0x940</size>
         <alignment>0x2</alignment>
         <input_file_ref idref="fl-f"/>
      </object_component>
      <object_component id="oc-158">
         <name>.rodata._ZL16CHAR1_DODGE_DATA</name>
         <load_address>0x15c0</load_address>
         <readonly>true</readonly>
         <run_address>0x15c0</run_address>
         <size>0x83c</size>
         <alignment>0x2</alignment>
         <input_file_ref idref="fl-f"/>
      </object_component>
      <object_component id="oc-156">
         <name>.rodata._ZL16CHAR1_PUNCH_DATA</name>
         <load_address>0x1dfc</load_address>
         <readonly>true</readonly>
         <run_address>0x1dfc</run_address>
         <size>0x818</size>
         <alignment>0x2</alignment>
         <input_file_ref idref="fl-f"/>
      </object_component>
      <object_component id="oc-15c">
         <name>.rodata._ZL16CHAR2_DODGE_DATA</name>
         <load_address>0x2614</load_address>
         <readonly>true</readonly>
         <run_address>0x2614</run_address>
         <size>0x5b0</size>
         <alignment>0x2</alignment>
         <input_file_ref idref="fl-f"/>
      </object_component>
      <object_component id="oc-15a">
         <name>.rodata._ZL16CHAR2_PUNCH_DATA</name>
         <load_address>0x2bc4</load_address>
         <readonly>true</readonly>
         <run_address>0x2bc4</run_address>
         <size>0x528</size>
         <alignment>0x2</alignment>
         <input_file_ref idref="fl-f"/>
      </object_component>
      <object_component id="oc-211">
         <name>.rodata._ZL4Font</name>
         <load_address>0x30ec</load_address>
         <readonly>true</readonly>
         <run_address>0x30ec</run_address>
         <size>0x4fb</size>
         <alignment>0x1</alignment>
         <input_file_ref idref="fl-8"/>
      </object_component>
      <object_component id="oc-159">
         <name>.rodata._ZL15CHAR2_IDLE_DATA</name>
         <load_address>0x35e8</load_address>
         <readonly>true</readonly>
         <run_address>0x35e8</run_address>
         <size>0x438</size>
         <alignment>0x2</alignment>
         <input_file_ref idref="fl-f"/>
      </object_component>
      <object_component id="oc-15b">
         <name>.rodata._ZL15CHAR2_KICK_DATA</name>
         <load_address>0x3a20</load_address>
         <readonly>true</readonly>
         <run_address>0x3a20</run_address>
         <size>0x438</size>
         <alignment>0x2</alignment>
         <input_file_ref idref="fl-f"/>
      </object_component>
      <object_component id="oc-161">
         <name>.rodata._ZL5Rcmd1</name>
         <load_address>0x3e58</load_address>
         <readonly>true</readonly>
         <run_address>0x3e58</run_address>
         <size>0x3b</size>
         <alignment>0x1</alignment>
         <input_file_ref idref="fl-8"/>
      </object_component>
      <object_component id="oc-166">
         <name>.rodata._ZL5Rcmd3</name>
         <load_address>0x3e93</load_address>
         <readonly>true</readonly>
         <run_address>0x3e93</run_address>
         <size>0x2b</size>
         <alignment>0x1</alignment>
         <input_file_ref idref="fl-8"/>
      </object_component>
      <object_component id="oc-1d5">
         <name>.rodata.str1.14736978382213673245.1</name>
         <load_address>0x3ebe</load_address>
         <readonly>true</readonly>
         <run_address>0x3ebe</run_address>
         <size>0x16</size>
         <alignment>0x1</alignment>
         <input_file_ref idref="fl-8"/>
      </object_component>
      <object_component id="oc-d9">
         <name>.rodata.CHAR1_SPRITES</name>
         <load_address>0x3ed4</load_address>
         <readonly>true</readonly>
         <run_address>0x3ed4</run_address>
         <size>0x10</size>
         <alignment>0x4</alignment>
         <input_file_ref idref="fl-f"/>
      </object_component>
      <object_component id="oc-db">
         <name>.rodata.CHAR2_SPRITES</name>
         <load_address>0x3ee4</load_address>
         <readonly>true</readonly>
         <run_address>0x3ee4</run_address>
         <size>0x10</size>
         <alignment>0x4</alignment>
         <input_file_ref idref="fl-f"/>
      </object_component>
      <object_component id="oc-163">
         <name>.rodata._ZL10Rcmd2green</name>
         <load_address>0x3ef4</load_address>
         <readonly>true</readonly>
         <run_address>0x3ef4</run_address>
         <size>0xd</size>
         <alignment>0x1</alignment>
         <input_file_ref idref="fl-8"/>
      </object_component>
      <object_component id="oc-162">
         <name>.rodata._ZL8Rcmd2red</name>
         <load_address>0x3f01</load_address>
         <readonly>true</readonly>
         <run_address>0x3f01</run_address>
         <size>0xd</size>
         <alignment>0x1</alignment>
         <input_file_ref idref="fl-8"/>
      </object_component>
      <object_component id="oc-135">
         <name>.rodata.str1.18358205720993799461.1</name>
         <load_address>0x3f0e</load_address>
         <readonly>true</readonly>
         <run_address>0x3f0e</run_address>
         <size>0x2</size>
         <alignment>0x1</alignment>
         <input_file_ref idref="fl-8"/>
      </object_component>
      <object_component id="oc-110">
         <name>.rodata._ZL10CHAR1_IDLE</name>
         <load_address>0x3f10</load_address>
         <readonly>true</readonly>
         <run_address>0x3f10</run_address>
         <size>0x8</size>
         <alignment>0x4</alignment>
         <input_file_ref idref="fl-f"/>
      </object_component>
      <object_component id="oc-112">
         <name>.rodata._ZL10CHAR1_KICK</name>
         <load_address>0x3f18</load_address>
         <readonly>true</readonly>
         <run_address>0x3f18</run_address>
         <size>0x8</size>
         <alignment>0x4</alignment>
         <input_file_ref idref="fl-f"/>
      </object_component>
      <object_component id="oc-117">
         <name>.rodata._ZL10CHAR2_IDLE</name>
         <load_address>0x3f20</load_address>
         <readonly>true</readonly>
         <run_address>0x3f20</run_address>
         <size>0x8</size>
         <alignment>0x4</alignment>
         <input_file_ref idref="fl-f"/>
      </object_component>
      <object_component id="oc-119">
         <name>.rodata._ZL10CHAR2_KICK</name>
         <load_address>0x3f28</load_address>
         <readonly>true</readonly>
         <run_address>0x3f28</run_address>
         <size>0x8</size>
         <alignment>0x4</alignment>
         <input_file_ref idref="fl-f"/>
      </object_component>
      <object_component id="oc-113">
         <name>.rodata._ZL11CHAR1_DODGE</name>
         <load_address>0x3f30</load_address>
         <readonly>true</readonly>
         <run_address>0x3f30</run_address>
         <size>0x8</size>
         <alignment>0x4</alignment>
         <input_file_ref idref="fl-f"/>
      </object_component>
      <object_component id="oc-111">
         <name>.rodata._ZL11CHAR1_PUNCH</name>
         <load_address>0x3f38</load_address>
         <readonly>true</readonly>
         <run_address>0x3f38</run_address>
         <size>0x8</size>
         <alignment>0x4</alignment>
         <input_file_ref idref="fl-f"/>
      </object_component>
      <object_component id="oc-11a">
         <name>.rodata._ZL11CHAR2_DODGE</name>
         <load_address>0x3f40</load_address>
         <readonly>true</readonly>
         <run_address>0x3f40</run_address>
         <size>0x8</size>
         <alignment>0x4</alignment>
         <input_file_ref idref="fl-f"/>
      </object_component>
      <object_component id="oc-118">
         <name>.rodata._ZL11CHAR2_PUNCH</name>
         <load_address>0x3f48</load_address>
         <readonly>true</readonly>
         <run_address>0x3f48</run_address>
         <size>0x8</size>
         <alignment>0x4</alignment>
         <input_file_ref idref="fl-f"/>
      </object_component>
      <object_component id="oc-138">
         <name>.rodata.str1.7209918599617305731.1</name>
         <load_address>0x3f50</load_address>
         <readonly>true</readonly>
         <run_address>0x3f50</run_address>
         <size>0x8</size>
         <alignment>0x1</alignment>
         <input_file_ref idref="fl-8"/>
      </object_component>
      <object_component id="oc-134">
         <name>.rodata.str1.10208736415454880443.1</name>
         <load_address>0x3f58</load_address>
         <readonly>true</readonly>
         <run_address>0x3f58</run_address>
         <size>0x7</size>
         <alignment>0x1</alignment>
         <input_file_ref idref="fl-8"/>
      </object_component>
      <object_component id="oc-131">
         <name>.rodata.str1.8723687351022562626.1</name>
         <load_address>0x3f5f</load_address>
         <readonly>true</readonly>
         <run_address>0x3f5f</run_address>
         <size>0x7</size>
         <alignment>0x1</alignment>
         <input_file_ref idref="fl-8"/>
      </object_component>
      <object_component id="oc-2f">
         <name>.init_array</name>
         <load_address>0x3f68</load_address>
         <readonly>true</readonly>
         <run_address>0x3f68</run_address>
         <size>0x4</size>
         <alignment>0x4</alignment>
         <input_file_ref idref="fl-5"/>
      </object_component>
      <object_component id="oc-25f">
         <name>SHT$$INIT_ARRAY$$Limit</name>
         <load_address>0x3f6c</load_address>
         <readonly>true</readonly>
         <run_address>0x3f6c</run_address>
         <size>0x0</size>
         <alignment>0x0</alignment>
      </object_component>
      <object_component id="oc-225">
         <name>.binit</name>
         <load_address>0x0</load_address>
         <readonly>true</readonly>
         <run_address>0x0</run_address>
         <size>0x0</size>
         <alignment>0x4</alignment>
      </object_component>
      <object_component id="oc-fa">
         <name>.data.BusFreq</name>
         <load_address>0x20200234</load_address>
         <readwrite>true</readwrite>
         <run_address>0x20200234</run_address>
         <size>0x4</size>
         <alignment>0x4</alignment>
         <input_file_ref idref="fl-2"/>
      </object_component>
      <object_component id="oc-d5">
         <name>.data.Sensor</name>
         <load_address>0x20200218</load_address>
         <readwrite>true</readwrite>
         <run_address>0x20200218</run_address>
         <size>0x14</size>
         <alignment>0x4</alignment>
         <input_file_ref idref="fl-5"/>
      </object_component>
      <object_component id="oc-d7">
         <name>.data.startX</name>
         <load_address>0x20200252</load_address>
         <readwrite>true</readwrite>
         <run_address>0x20200252</run_address>
         <size>0x2</size>
         <alignment>0x2</alignment>
         <input_file_ref idref="fl-5"/>
      </object_component>
      <object_component id="oc-d8">
         <name>.data.startY</name>
         <load_address>0x20200254</load_address>
         <readwrite>true</readwrite>
         <run_address>0x20200254</run_address>
         <size>0x2</size>
         <alignment>0x2</alignment>
         <input_file_ref idref="fl-5"/>
      </object_component>
      <object_component id="oc-b5">
         <name>.data.Player1</name>
         <load_address>0x202001b8</load_address>
         <readwrite>true</readwrite>
         <run_address>0x202001b8</run_address>
         <size>0x30</size>
         <alignment>0x4</alignment>
         <input_file_ref idref="fl-5"/>
      </object_component>
      <object_component id="oc-dd">
         <name>.data.x</name>
         <load_address>0x20200256</load_address>
         <readwrite>true</readwrite>
         <run_address>0x20200256</run_address>
         <size>0x2</size>
         <alignment>0x2</alignment>
         <input_file_ref idref="fl-5"/>
      </object_component>
      <object_component id="oc-dc">
         <name>.data.y</name>
         <load_address>0x20200258</load_address>
         <readwrite>true</readwrite>
         <run_address>0x20200258</run_address>
         <size>0x2</size>
         <alignment>0x2</alignment>
         <input_file_ref idref="fl-5"/>
      </object_component>
      <object_component id="oc-b6">
         <name>.data.Player2</name>
         <load_address>0x202001e8</load_address>
         <readwrite>true</readwrite>
         <run_address>0x202001e8</run_address>
         <size>0x30</size>
         <alignment>0x4</alignment>
         <input_file_ref idref="fl-5"/>
[...]
      </symbol>
      <symbol id="sm-12a">
         <name>_Z16ST7735_DrawPixelsst</name>
         <value>0x5485</value>
         <object_component_ref idref="oc-210"/>
      </symbol>
      <symbol id="sm-12b">
         <name>_Z15ST7735_Color565hhh</name>
         <value>0x5ea1</value>
         <object_component_ref idref="oc-ef"/>
      </symbol>
      <symbol id="sm-12c">
         <name>_Z17ST7735_DrawBitmapssPKtss</name>
         <value>0x3f71</value>
         <object_component_ref idref="oc-143"/>
      </symbol>
      <symbol id="sm-12d">
         <name>_Z16ST7735_DrawCharSsscssh</name>
         <value>0x4335</value>
         <object_component_ref idref="oc-1d4"/>
      </symbol>
      <symbol id="sm-12e">
         <name>_Z17ST7735_DrawStringttPcs</name>
         <value>0x518d</value>
         <object_component_ref idref="oc-1d3"/>
      </symbol>
      <symbol id="sm-12f">
         <name>_Z14ST7735_OutCharc</name>
         <value>0x4c01</value>
         <object_component_ref idref="oc-186"/>
      </symbol>
      <symbol id="sm-130">
         <name>_Z11ST7735_openPKcji</name>
         <value>0x614d</value>
         <object_component_ref idref="oc-132"/>
      </symbol>
      <symbol id="sm-131">
         <name>_Z12ST7735_closei</name>
         <value>0x6279</value>
         <object_component_ref idref="oc-133"/>
      </symbol>
      <symbol id="sm-132">
         <name>_Z11ST7735_readiPcj</name>
         <value>0x6163</value>
         <object_component_ref idref="oc-130"/>
      </symbol>
      <symbol id="sm-133">
         <name>_Z12ST7735_writeiPKcj</name>
         <value>0x5ccd</value>
         <object_component_ref idref="oc-12f"/>
      </symbol>
      <symbol id="sm-134">
         <name>_Z12ST7735_lseekili</name>
         <value>0x61e5</value>
         <object_component_ref idref="oc-12e"/>
      </symbol>
      <symbol id="sm-135">
         <name>_Z13ST7735_unlinkPKc</name>
         <value>0x6283</value>
         <object_component_ref idref="oc-12d"/>
      </symbol>
      <symbol id="sm-136">
         <name>_Z13ST7735_renamePKcS0_</name>
         <value>0x6255</value>
         <object_component_ref idref="oc-12c"/>
      </symbol>
      <symbol id="sm-137">
         <name>_Z17ST7735_InitPrintf10initRFlags</name>
         <value>0x4e21</value>
         <object_component_ref idref="oc-e9"/>
      </symbol>
      <symbol id="sm-143">
         <name>_ZN8SlidePot4InitEv</name>
         <value>0x5311</value>
         <object_component_ref idref="oc-10d"/>
      </symbol>
      <symbol id="sm-144">
         <name>_ZN8SlidePotC2Ejj</name>
         <value>0x6085</value>
         <object_component_ref idref="oc-d0"/>
      </symbol>
      <symbol id="sm-145">
         <name>_ZN8SlidePotC1Ejj</name>
         <value>0x6085</value>
         <object_component_ref idref="oc-d0"/>
      </symbol>
      <symbol id="sm-14f">
         <name>SysTick_Handler</name>
         <value>0x58b7</value>
         <object_component_ref idref="oc-38"/>
      </symbol>
      <symbol id="sm-15a">
         <name>TIMG7_IRQHandler</name>
         <value>0x5b1d</value>
         <object_component_ref idref="oc-3d"/>
      </symbol>
      <symbol id="sm-15b">
         <name>TExaSadc</name>
         <value>0x20200634</value>
         <object_component_ref idref="oc-71"/>
      </symbol>
      <symbol id="sm-15c">
         <name>TExaSLogic</name>
         <value>0x20200630</value>
         <object_component_ref idref="oc-72"/>
      </symbol>
      <symbol id="sm-182">
         <name>CHAR1_SPRITES</name>
         <value>0x3ed4</value>
         <object_component_ref idref="oc-d9"/>
      </symbol>
      <symbol id="sm-183">
         <name>CHAR2_SPRITES</name>
         <value>0x3ee4</value>
         <object_component_ref idref="oc-db"/>
      </symbol>
      <symbol id="sm-195">
         <name>Default_Handler</name>
         <value>0x60c9</value>
         <object_component_ref idref="oc-36"/>
      </symbol>
      <symbol id="sm-196">
         <name>Reset_Handler</name>
         <value>0x62b3</value>
         <object_component_ref idref="oc-32"/>
      </symbol>
      <symbol id="sm-197">
         <name>HardFault_Handler</name>
         <value>0x60e5</value>
         <object_component_ref idref="oc-37"/>
      </symbol>
      <symbol id="sm-198">
         <name>interruptVectors</name>
         <value>0x0</value>
         <object_component_ref idref="oc-18"/>
      </symbol>
      <symbol id="sm-199">
         <name>NMI_Handler</name>
         <value>0x60c9</value>
         <object_component_ref idref="oc-36"/>
      </symbol>
      <symbol id="sm-19a">
         <name>SVC_Handler</name>
         <value>0x60c9</value>
         <object_component_ref idref="oc-36"/>
      </symbol>
      <symbol id="sm-19b">
         <name>PendSV_Handler</name>
         <value>0x60c9</value>
         <object_component_ref idref="oc-36"/>
      </symbol>
      <symbol id="sm-19c">
         <name>GROUP0_IRQHandler</name>
         <value>0x60c9</value>
         <object_component_ref idref="oc-36"/>
      </symbol>
      <symbol id="sm-19d">
         <name>GROUP1_IRQHandler</name>
         <value>0x60c9</value>
         <object_component_ref idref="oc-36"/>
      </symbol>
      <symbol id="sm-19e">
         <name>TIMG8_IRQHandler</name>
         <value>0x60c9</value>
         <object_component_ref idref="oc-36"/>
      </symbol>
      <symbol id="sm-19f">
         <name>UART3_IRQHandler</name>
         <value>0x60c9</value>
         <object_component_ref idref="oc-36"/>
      </symbol>
      <symbol id="sm-1a0">
         <name>ADC0_IRQHandler</name>
         <value>0x60c9</value>
         <object_component_ref idref="oc-36"/>
      </symbol>
      <symbol id="sm-1a1">
         <name>ADC1_IRQHandler</name>
         <value>0x60c9</value>
         <object_component_ref idref="oc-36"/>
      </symbol>
      <symbol id="sm-1a2">
         <name>CANFD0_IRQHandler</name>
         <value>0x60c9</value>
         <object_component_ref idref="oc-36"/>
      </symbol>
      <symbol id="sm-1a3">
         <name>DAC0_IRQHandler</name>
         <value>0x60c9</value>
         <object_component_ref idref="oc-36"/>
      </symbol>
      <symbol id="sm-1a4">
         <name>SPI0_IRQHandler</name>
         <value>0x60c9</value>
         <object_component_ref idref="oc-36"/>
      </symbol>
      <symbol id="sm-1a5">
         <name>SPI1_IRQHandler</name>
         <value>0x60c9</value>
         <object_component_ref idref="oc-36"/>
      </symbol>
      <symbol id="sm-1a6">
         <name>UART1_IRQHandler</name>
         <value>0x60c9</value>
         <object_component_ref idref="oc-36"/>
      </symbol>
      <symbol id="sm-1a7">
         <name>UART2_IRQHandler</name>
         <value>0x60c9</value>
         <object_component_ref idref="oc-36"/>
      </symbol>
      <symbol id="sm-1a8">
         <name>UART0_IRQHandler</name>
         <value>0x60c9</value>
         <object_component_ref idref="oc-36"/>
      </symbol>
      <symbol id="sm-1a9">
         <name>TIMG0_IRQHandler</name>
         <value>0x60c9</value>
         <object_component_ref idref="oc-36"/>
      </symbol>
      <symbol id="sm-1aa">
         <name>TIMG6_IRQHandler</name>
         <value>0x60c9</value>
         <object_component_ref idref="oc-36"/>
      </symbol>
      <symbol id="sm-1ab">
         <name>TIMA0_IRQHandler</name>
         <value>0x60c9</value>
         <object_component_ref idref="oc-36"/>
      </symbol>
      <symbol id="sm-1ac">
         <name>TIMA1_IRQHandler</name>
         <value>0x60c9</value>
         <object_component_ref idref="oc-36"/>
      </symbol>
      <symbol id="sm-1ad">
         <name>I2C0_IRQHandler</name>
         <value>0x60c9</value>
         <object_component_ref idref="oc-36"/>
      </symbol>
      <symbol id="sm-1ae">
         <name>I2C1_IRQHandler</name>
         <value>0x60c9</value>
         <object_component_ref idref="oc-36"/>
      </symbol>
      <symbol id="sm-1af">
         <name>AES_IRQHandler</name>
         <value>0x60c9</value>
         <object_component_ref idref="oc-36"/>
      </symbol>
      <symbol id="sm-1b0">
         <name>RTC_IRQHandler</name>
         <value>0x60c9</value>
         <object_component_ref idref="oc-36"/>
      </symbol>
      <symbol id="sm-1b1">
         <name>DMA_IRQHandler</name>
         <value>0x60c9</value>
         <object_component_ref idref="oc-36"/>
      </symbol>
      <symbol id="sm-1b2">
         <name>__TI_ATRegion0_src_addr</name>
         <value>0x0</value>
      </symbol>
      <symbol id="sm-1b3">
         <name>__TI_ATRegion0_trg_addr</name>
         <value>0x0</value>
      </symbol>
      <symbol id="sm-1b4">
         <name>__TI_ATRegion0_region_sz</name>
         <value>0x0</value>
      </symbol>
      <symbol id="sm-1b5">
         <name>__TI_ATRegion1_src_addr</name>
         <value>0x0</value>
      </symbol>
      <symbol id="sm-1b6">
         <name>__TI_ATRegion1_trg_addr</name>
         <value>0x0</value>
      </symbol>
      <symbol id="sm-1b7">
         <name>__TI_ATRegion1_region_sz</name>
         <value>0x0</value>
      </symbol>
      <symbol id="sm-1b8">
         <name>__TI_ATRegion2_src_addr</name>
         <value>0x0</value>
      </symbol>
      <symbol id="sm-1b9">
         <name>__TI_ATRegion2_trg_addr</name>
         <value>0x0</value>
      </symbol>
      <symbol id="sm-1ba">
         <name>__TI_ATRegion2_region_sz</name>
         <value>0x0</value>
      </symbol>
      <symbol id="sm-1d3">
         <name>fopen</name>
         <value>0x5f35</value>
         <object_component_ref idref="oc-121"/>
      </symbol>
      <symbol id="sm-1d4">
         <name>__TI_cleanup</name>
         <value>0x5d69</value>
         <object_component_ref idref="oc-182"/>
      </symbol>
      <symbol id="sm-1d5">
         <name>freopen</name>
         <value>0x5e6d</value>
         <object_component_ref idref="oc-127"/>
      </symbol>
      <symbol id="sm-1df">
         <name>setvbuf</name>
         <value>0x4b21</value>
         <object_component_ref idref="oc-128"/>
      </symbol>
      <symbol id="sm-1ee">
         <name>abort</name>
         <value>0x62a9</value>
         <object_component_ref idref="oc-b7"/>
      </symbol>
      <symbol id="sm-1ef">
         <name>__TI_cleanup_ptr</name>
         <value>0x2020022c</value>
         <object_component_ref idref="oc-105"/>
      </symbol>
      <symbol id="sm-1f0">
         <name>__TI_dtors_ptr</name>
         <value>0x20200230</value>
         <object_component_ref idref="oc-105"/>
      </symbol>
      <symbol id="sm-1f1">
         <name>exit</name>
         <value>0x5e05</value>
         <object_component_ref idref="oc-bc"/>
      </symbol>
      <symbol id="sm-1fa">
         <name>_nop</name>
         <value>0x5b1b</value>
         <object_component_ref idref="oc-14c"/>
      </symbol>
      <symbol id="sm-1fb">
         <name>_lock</name>
         <value>0x20200244</value>
         <object_component_ref idref="oc-103"/>
      </symbol>
      <symbol id="sm-1fc">
         <name>_unlock</name>
         <value>0x20200248</value>
         <object_component_ref idref="oc-106"/>
      </symbol>
      <symbol id="sm-202">
         <name>_ftable</name>
         <value>0x20200000</value>
         <object_component_ref idref="oc-136"/>
      </symbol>
      <symbol id="sm-203">
         <name>__TI_ft_end</name>
         <value>0x20200240</value>
         <object_component_ref idref="oc-1b9"/>
      </symbol>
      <symbol id="sm-204">
         <name>__TI_tmpnams</name>
         <value>0x20200588</value>
         <object_component_ref idref="oc-1cc"/>
      </symbol>
      <symbol id="sm-227">
         <name>malloc</name>
         <value>0x626d</value>
         <object_component_ref idref="oc-181"/>
      </symbol>
      <symbol id="sm-228">
         <name>aligned_alloc</name>
         <value>0x4741</value>
         <object_component_ref idref="oc-1d2"/>
      </symbol>
      <symbol id="sm-229">
         <name>free</name>
         <value>0x4a39</value>
         <object_component_ref idref="oc-17f"/>
      </symbol>
      <symbol id="sm-22a">
         <name>_sys_memory</name>
         <value>0x20200268</value>
         <object_component_ref idref="oc-30"/>
      </symbol>
      <symbol id="sm-22b">
         <name>memalign</name>
         <value>0x4741</value>
         <object_component_ref idref="oc-1d2"/>
      </symbol>
      <symbol id="sm-236">
         <name>_c_int00_noargs</name>
         <value>0x605d</value>
         <object_component_ref idref="oc-62"/>
      </symbol>
      <symbol id="sm-237">
         <name>__stack</name>
         <value>0x20207e00</value>
         <object_component_ref idref="oc-1a"/>
      </symbol>
      <symbol id="sm-243">
         <name>__TI_auto_init_nobinit</name>
         <value>0x58b9</value>
         <object_component_ref idref="oc-c4"/>
      </symbol>
      <symbol id="sm-24b">
         <name>_system_pre_init</name>
         <value>0x62b7</value>
         <object_component_ref idref="oc-81"/>
      </symbol>
      <symbol id="sm-256">
         <name>__TI_zero_init_nomemset</name>
         <value>0x6179</value>
         <object_component_ref idref="oc-59"/>
      </symbol>
      <symbol id="sm-25f">
         <name>__TI_decompress_none</name>
         <value>0x61b5</value>
         <object_component_ref idref="oc-20"/>
      </symbol>
      <symbol id="sm-26a">
         <name>__TI_decompress_lzss</name>
         <value>0x5409</value>
         <object_component_ref idref="oc-1c"/>
      </symbol>
      <symbol id="sm-276">
         <name>__TI_closefile</name>
         <value>0x538d</value>
         <object_component_ref idref="oc-179"/>
      </symbol>
      <symbol id="sm-280">
         <name>__TI_doflush</name>
         <value>0x590d</value>
         <object_component_ref idref="oc-1be"/>
      </symbol>
      <symbol id="sm-293">
         <name>HOSTexit</name>
         <value>0x62af</value>
         <object_component_ref idref="oc-fd"/>
      </symbol>
      <symbol id="sm-294">
         <name>C$$EXIT</name>
         <value>0x62ae</value>
         <object_component_ref idref="oc-fd"/>
      </symbol>
      <symbol id="sm-29e">
         <name>write</name>
         <value>0x6035</value>
         <object_component_ref idref="oc-1fd"/>
      </symbol>
      <symbol id="sm-2a3">
         <name>_device</name>
         <value>0x202000f0</value>
         <object_component_ref idref="oc-170"/>
      </symbol>
      <symbol id="sm-2a4">
         <name>_stream</name>
         <value>0x20200168</value>
         <object_component_ref idref="oc-1f9"/>
      </symbol>
      <symbol id="sm-2ad">
         <name>remove</name>
         <value>0x62a1</value>
         <object_component_ref idref="oc-1c8"/>
      </symbol>
      <symbol id="sm-2b9">
         <name>open</name>
         <value>0x4ec1</value>
         <object_component_ref idref="oc-1ba"/>
      </symbol>
      <symbol id="sm-2c4">
         <name>close</name>
         <value>0x59b1</value>
         <object_component_ref idref="oc-1c4"/>
      </symbol>
      <symbol id="sm-2d0">
         <name>add_device</name>
         <value>0x494d</value>
         <object_component_ref idref="oc-11d"/>
      </symbol>
      <symbol id="sm-2da">
         <name>unlink</name>
         <value>0x5f91</value>
         <object_component_ref idref="oc-206"/>
      </symbol>
      <symbol id="sm-2e4">
         <name>HOSTclose</name>
         <value>0x5a01</value>
         <object_component_ref idref="oc-19c"/>
      </symbol>
      <symbol id="sm-2ee">
         <name>HOSTlseek</name>
         <value>0x54f5</value>
         <object_component_ref idref="oc-1a8"/>
      </symbol>
      <symbol id="sm-2f8">
         <name>HOSTopen</name>
         <value>0x569d</value>
         <object_component_ref idref="oc-198"/>
      </symbol>
      <symbol id="sm-2f9">
         <name>parmbuf</name>
         <value>0x20200628</value>
         <object_component_ref idref="oc-1e0"/>
      </symbol>
      <symbol id="sm-303">
         <name>HOSTread</name>
         <value>0x57b1</value>
         <object_component_ref idref="oc-1a0"/>
      </symbol>
      <symbol id="sm-314">
         <name>HOSTrename</name>
         <value>0x5561</value>
         <object_component_ref idref="oc-1b0"/>
      </symbol>
      <symbol id="sm-31e">
         <name>HOSTunlink</name>
         <value>0x5a49</value>
         <object_component_ref idref="oc-1ac"/>
      </symbol>
      <symbol id="sm-328">
         <name>HOSTwrite</name>
         <value>0x5809</value>
         <object_component_ref idref="oc-1a4"/>
      </symbol>
      <symbol id="sm-336">
         <name>C$$IO$$</name>
         <value>0x5dfd</value>
         <object_component_ref idref="oc-1d9"/>
      </symbol>
      <symbol id="sm-337">
         <name>__TI_writemsg</name>
         <value>0x5dd1</value>
         <object_component_ref idref="oc-1d9"/>
      </symbol>
      <symbol id="sm-338">
         <name>__CIOBUF_</name>
         <value>0x20200468</value>
         <object_component_ref idref="oc-212"/>
      </symbol>
      <symbol id="sm-339">
         <name>__TI_readmsg</name>
         <value>0x5d9d</value>
         <object_component_ref idref="oc-1df"/>
      </symbol>
      <symbol id="sm-33a">
         <name>_CIOBUF_</name>
         <value>0x20200468</value>
         <object_component_ref idref="oc-212"/>
      </symbol>
      <symbol id="sm-340">
         <name>__aeabi_memcpy</name>
         <value>0x6299</value>
         <object_component_ref idref="oc-52"/>
      </symbol>
      <symbol id="sm-341">
         <name>__aeabi_memcpy4</name>
         <value>0x6299</value>
         <object_component_ref idref="oc-52"/>
      </symbol>
      <symbol id="sm-342">
         <name>__aeabi_memcpy8</name>
         <value>0x6299</value>
         <object_component_ref idref="oc-52"/>
      </symbol>
      <symbol id="sm-349">
         <name>__aeabi_memclr</name>
         <value>0x6261</value>
         <object_component_ref idref="oc-7c"/>
      </symbol>
      <symbol id="sm-34a">
         <name>__aeabi_memclr4</name>
         <value>0x6261</value>
         <object_component_ref idref="oc-7c"/>
      </symbol>
      <symbol id="sm-34b">
         <name>__aeabi_memclr8</name>
         <value>0x6261</value>
         <object_component_ref idref="oc-7c"/>
      </symbol>
      <symbol id="sm-351">
         <name>__aeabi_uidiv</name>
         <value>0x5bdd</value>
         <object_component_ref idref="oc-f5"/>
      </symbol>
      <symbol id="sm-352">
         <name>__aeabi_uidivmod</name>
         <value>0x5bdd</value>
         <object_component_ref idref="oc-f5"/>
      </symbol>
      <symbol id="sm-35d">
         <name>__aeabi_idiv0</name>
         <value>0x595f</value>
         <object_component_ref idref="oc-144"/>
      </symbol>
      <symbol id="sm-36b">
         <name>finddevice</name>
         <value>0x5e39</value>
         <object_component_ref idref="oc-169"/>
      </symbol>
      <symbol id="sm-36c">
         <name>getdevice</name>
         <value>0x55cd</value>
         <object_component_ref idref="oc-1f7"/>
      </symbol>
      <symbol id="sm-375">
         <name>TI_memcpy_small</name>
         <value>0x61a3</value>
         <object_component_ref idref="oc-94"/>
      </symbol>
      <symbol id="sm-37e">
         <name>TI_memset_small</name>
         <value>0x6239</value>
         <object_component_ref idref="oc-df"/>
      </symbol>
      <symbol id="sm-386">
         <name>strcmp</name>
         <value>0x5081</value>
         <object_component_ref idref="oc-192"/>
      </symbol>
      <symbol id="sm-387">
         <name>__TI_static_base__</name>
         <value>0x0</value>
      </symbol>
      <symbol id="sm-38a">
         <name>__mpu_init</name>
         <value>0x0</value>
      </symbol>
      <symbol id="sm-38b">
         <name>_system_post_cinit</name>
         <value>0x0</value>
      </symbol>
   </symbol_table>
   <title>Link successful</title>
</link_info>
